[38;2;102;217;239;49mfunction[0m[38;2;248;248;242;49m [0m[38;2;248;248;242;49mprintx[0m[38;2;248;248;242;49m([0m[38;2;248;248;242;49mx[0m[38;2;248;248;242;49m)[0m                                                              
[38;2;248;248;242;49m    [0m[38;2;248;248;242;49mprintln[0m[38;2;248;248;242;49m([0m[38;2;230;219;116;49m"[0m[38;2;230;219;116;49mx = [0m[38;2;230;219;116;49m$x[0m[38;2;230;219;116;49m"[0m[38;2;248;248;242;49m)[0m                                                           
[38;2;248;248;242;49m    [0m[38;2;102;217;239;49mreturn[0m[38;2;248;248;242;49m [0m[38;2;248;248;242;49mnothing[0m                                                              
[38;2;102;217;239;49mend[0m                                                                             
                                                                                
printx (generic function with 1 method)                                         
