     ╭────────────────────╮
[38;5;247m[2]:[0m │                    │
     ╰────────────────────╯
                           
[38;5;247m[2]:[0m  ]8;id=0; file://mock/path/to/file.txt\[94m🌐 Click to view HTML[0m]8;;\
                           
[38;5;247m[2]:[0m   [1m   [0m   [1m [0m   [1ma[0m   [1mb[0m   [1mc[0m 
       [1mhey[0m   [1m [0m   [1m [0m   [1m [0m   [1m [0m 
      ─────────────────────
       [1m  3[0m   [1m1[0m   1   4   6 
       [1m  4[0m   [1m1[0m   2   5   7 
