                                                                                
  [1;33m 1 [0mItem 1                                                                     
  [1;33m 2 [0mItem 2                                                                     
  [1;33m 3 [0mItem 3                                                                     
