                                                    
                                                    
]8;id=0;file:///var/folders/bz/z8pmyyl5795bdncz1cl20qz00000gp/T/tmpnbpreview_link_file0.html\[94m🌐 Click to view HTML[0m]8;;\                               
                                                    
 [1m     [0m   [1m      [0m   [1mlorep[0m        [1m           hey[0m   [1mbye[0m 
 [1m     [0m   [1m      [0m   [1mipsum[0m   [1mhi[0m   [1mvery_long_word[0m   [1m hi[0m 
 [1mfirst[0m   [1msecond[0m   [1mthird[0m   [1m  [0m   [1m              [0m   [1m   [0m 
────────────────────────────────────────────────────
 [1m  bar[0m   [1m   one[0m   [1m    1[0m    1                2     4 
                  [1m   10[0m    3                4    -1 
         [1m three[0m   [1m    3[0m    3                4    -1 
 [1m  foo[0m   [1m   one[0m   [1m    1[0m    3                4    -1 
