      ┏━━━━━━━━━━━━━━━━━━━━━━━━━━━━━━━━━━━━━━━━━━━━━━━━━━━━━━━━━━━━━━━━━━━━━━━━┓
      ┃                              [1mLorem ipsum[0m                               ┃
      ┗━━━━━━━━━━━━━━━━━━━━━━━━━━━━━━━━━━━━━━━━━━━━━━━━━━━━━━━━━━━━━━━━━━━━━━━━┛
                                                                                
     ╭─────────────────────────────────────────────────────────────────────────╮
[38;5;247m[1]:[0m │ [3;38;2;137;221;255;49mimport[0m[38;2;238;255;255;49m [0m[38;2;255;203;107;49mmatplotlib[0m[38;2;255;203;107;49m.[0m[38;2;255;203;107;49mpyplot[0m[38;2;238;255;255;49m [0m[38;2;187;128;179;49mas[0m[38;2;238;255;255;49m [0m[38;2;255;203;107;49mplt[0m                                         │
     │ [3;38;2;137;221;255;49mimport[0m[38;2;238;255;255;49m [0m[38;2;255;203;107;49mseaborn[0m[38;2;238;255;255;49m [0m[38;2;187;128;179;49mas[0m[38;2;238;255;255;49m [0m[38;2;255;203;107;49msns[0m                                                   │
     ╰─────────────────────────────────────────────────────────────────────────╯
                                                                                
                                                                                
                                     [1;4mCondimentum[0m                                
                                                                                
      Lorem ipsum dolor sit amet, [3mconsectetur[0m adipiscing elit, sed do eiusmod   
      tempor incididunt ut labore et dolore magna aliqua. Sunt ]8;id=0;https://github.com/paw-lu/nbpreview\[4;34min culpa qui [0m]8;;\    
      ]8;id=0;https://github.com/paw-lu/nbpreview\[4;34mofficia[0m]8;;\ deserunt mollit anim id est laborum.                              
                                                                                
     ╭─────────────────────────────────────────────────────────────────────────╮
[38;5;247m[2]:[0m │ [38;2;238;255;255;49mfmri[0m[38;2;238;255;255;49m [0m[38;2;137;221;255;49m=[0m[38;2;238;255;255;49m [0m[38;2;238;255;255;49msns[0m[38;2;137;221;255;49m.[0m[38;2;238;255;255;49mload_dataset[0m[38;2;137;221;255;49m([0m[38;2;195;232;141;49m"[0m[38;2;195;232;141;49mfmri[0m[38;2;195;232;141;49m"[0m[38;2;137;221;255;49m)[0m                                         │
     │ [38;2;238;255;255;49mtips[0m[38;2;238;255;255;49m [0m[38;2;137;221;255;49m=[0m[38;2;238;255;255;49m [0m[38;2;238;255;255;49msns[0m[38;2;137;221;255;49m.[0m[38;2;238;255;255;49mload_dataset[0m[38;2;137;221;255;49m([0m[38;2;195;232;141;49m"[0m[38;2;195;232;141;49mtips[0m[38;2;195;232;141;49m"[0m[38;2;137;221;255;49m)[0m                                         │
     │ [38;2;238;255;255;49mfmri[0m[38;2;137;221;255;49m.[0m[38;2;238;255;255;49mhead[0m[38;2;137;221;255;49m([0m[38;2;137;221;255;49m)[0m                                                             │
     ╰─────────────────────────────────────────────────────────────────────────╯
                                                                                
[38;5;247m[2]:[0m  🌐 HTML                                                                   
                                                                                
[38;5;247m[2]:[0m   [1m [0m   [1msubject[0m   [1mtimepoint[0m   [1mevent[0m   [1m  region[0m   [1m   signal[0m                   
      ────────────────────────────────────────────────────────                  
       [1m0[0m       s13          18    stim   parietal   -0.017552                   
       [1m1[0m        s5          14    stim   parietal   -0.080883                   
       [1m2[0m       s12          18    stim   parietal   -0.081033                   
       [1m3[0m       s11          18    stim   parietal   -0.046134                   
       [1m4[0m       s10          18    stim   parietal   -0.037970                   
                                                                                
     ╭─────────────────────────────────────────────────────────────────────────╮
[38;5;247m[3]:[0m │ [38;2;238;255;255;49m_[0m[38;2;137;221;255;49m,[0m[38;2;238;255;255;49m [0m[38;2;137;221;255;49m([0m[38;2;238;255;255;49max_line[0m[38;2;137;221;255;49m,[0m[38;2;238;255;255;49m [0m[38;2;238;255;255;49max_box[0m[38;2;137;221;255;49m)[0m[38;2;238;255;255;49m [0m[38;2;137;221;255;49m=[0m[38;2;238;255;255;49m [0m[38;2;238;255;255;49mplt[0m[38;2;137;221;255;49m.[0m[38;2;238;255;255;49msubplots[0m[38;2;137;221;255;49m([0m[38;2;238;255;255;49mncols[0m[38;2;137;221;255;49m=[0m[38;2;247;140;108;49m2[0m[38;2;137;221;255;49m,[0m[38;2;238;255;255;49m [0m[38;2;238;255;255;49mfacecolor[0m[38;2;137;221;255;49m=[0m[38;2;195;232;141;49m"[0m[38;2;195;232;141;49m#1C1B1F[0m[38;2;195;232;141;49m"[0m[38;2;137;221;255;49m,[0m[38;2;238;255;255;49m [0m[38;2;238;255;255;49mfigs…[0m │
     │ [38;2;137;221;255;49m([0m                                                                       │
     │ [38;2;238;255;255;49m    [0m[38;2;238;255;255;49mfmri[0m[38;2;137;221;255;49m.[0m[38;2;238;255;255;49mpipe[0m[38;2;137;221;255;49m([0m                                                          │
     │ [38;2;238;255;255;49m        [0m[38;2;137;221;255;49m([0m[38;2;238;255;255;49msns[0m[38;2;137;221;255;49m.[0m[38;2;238;255;255;49mlineplot[0m[38;2;137;221;255;49m,[0m[38;2;238;255;255;49m [0m[38;2;195;232;141;49m"[0m[38;2;195;232;141;49mdata[0m[38;2;195;232;141;49m"[0m[38;2;137;221;255;49m)[0m[38;2;137;221;255;49m,[0m                                         │
     │ [38;2;238;255;255;49m        [0m[38;2;238;255;255;49mx[0m[38;2;137;221;255;49m=[0m[38;2;195;232;141;49m"[0m[38;2;195;232;141;49mtimepoint[0m[38;2;195;232;141;49m"[0m[38;2;137;221;255;49m,[0m                                                  │
     │ [38;2;238;255;255;49m        [0m[38;2;238;255;255;49my[0m[38;2;137;221;255;49m=[0m[38;2;195;232;141;49m"[0m[38;2;195;232;141;49msignal[0m[38;2;195;232;141;49m"[0m[38;2;137;221;255;49m,[0m                                                     │
     │ [38;2;238;255;255;49m        [0m[38;2;238;255;255;49mhue[0m[38;2;137;221;255;49m=[0m[38;2;195;232;141;49m"[0m[38;2;195;232;141;49mevent[0m[38;2;195;232;141;49m"[0m[38;2;137;221;255;49m,[0m                                                    │
     │ [38;2;238;255;255;49m        [0m[38;2;238;255;255;49max[0m[38;2;137;221;255;49m=[0m[38;2;238;255;255;49max_line[0m[38;2;137;221;255;49m,[0m                                                     │
     │ [38;2;238;255;255;49m        [0m[38;2;238;255;255;49merr_kws[0m[38;2;137;221;255;49m=[0m[38;2;137;221;255;49m{[0m[38;2;195;232;141;49m"[0m[38;2;195;232;141;49malpha[0m[38;2;195;232;141;49m"[0m[38;2;137;221;255;49m:[0m[38;2;238;255;255;49m [0m[38;2;247;140;108;49m1[0m[38;2;137;221;255;49m}[0m[38;2;137;221;255;49m,[0m                                           │
     │ [38;2;238;255;255;49m    [0m[38;2;137;221;255;49m)[0m[38;2;137;221;255;49m.[0m[38;2;238;255;255;49mset[0m[38;2;137;221;255;49m([0m                                                              │
     │ [38;2;238;255;255;49m        [0m[38;2;238;255;255;49mxlabel[0m[38;2;137;221;255;49m=[0m[38;2;137;221;255;49mNone[0m[38;2;137;221;255;49m,[0m                                                    │
     │ [38;2;238;255;255;49m        [0m[38;2;238;255;255;49mylabel[0m[38;2;137;221;255;49m=[0m[38;2;137;221;255;49mNone[0m[38;2;137;221;255;49m,[0m                                                    │
     │ [38;2;238;255;255;49m        [0m[38;2;238;255;255;49myticks[0m[38;2;137;221;255;49m=[0m[38;2;137;221;255;49m[[0m[38;2;137;221;255;49m][0m[38;2;137;221;255;49m,[0m                                                      │
     │ [38;2;238;255;255;49m        [0m[38;2;238;255;255;49mxticks[0m[38;2;137;221;255;49m=[0m[38;2;137;221;255;49m[[0m[38;2;137;221;255;49m][0m[38;2;137;221;255;49m,[0m                                                      │
     │ [38;2;238;255;255;49m    [0m[38;2;137;221;255;49m)[0m                                                                   │
     │ [38;2;137;221;255;49m)[0m                                                                       │
     │                                                                         │
     │ [38;2;137;221;255;49m([0m                                                                       │
     │ [38;2;238;255;255;49m    [0m[38;2;238;255;255;49mtips[0m[38;2;137;221;255;49m.[0m[38;2;238;255;255;49mpipe[0m[38;2;137;221;255;49m([0m                                                          │
     │ [38;2;238;255;255;49m        [0m[38;2;137;221;255;49m([0m[38;2;238;255;255;49msns[0m[38;2;137;221;255;49m.[0m[38;2;238;255;255;49mboxplot[0m[38;2;137;221;255;49m,[0m[38;2;238;255;255;49m [0m[38;2;195;232;141;49m"[0m[38;2;195;232;141;49mdata[0m[38;2;195;232;141;49m"[0m[38;2;137;221;255;49m)[0m[38;2;137;221;255;49m,[0m                                          │
     │ [38;2;238;255;255;49m        [0m[38;2;238;255;255;49mx[0m[38;2;137;221;255;49m=[0m[38;2;195;232;141;49m"[0m[38;2;195;232;141;49mday[0m[38;2;195;232;141;49m"[0m[38;2;137;221;255;49m,[0m                                                        │
     │ [38;2;238;255;255;49m        [0m[38;2;238;255;255;49my[0m[38;2;137;221;255;49m=[0m[38;2;195;232;141;49m"[0m[38;2;195;232;141;49mtotal_bill[0m[38;2;195;232;141;49m"[0m[38;2;137;221;255;49m,[0m                                                 │
     │ [38;2;238;255;255;49m        [0m[38;2;238;255;255;49mhue[0m[38;2;137;221;255;49m=[0m[38;2;195;232;141;49m"[0m[38;2;195;232;141;49msmoker[0m[38;2;195;232;141;49m"[0m[38;2;137;221;255;49m,[0m                                                   │
     │ [38;2;238;255;255;49m        [0m[38;2;238;255;255;49max[0m[38;2;137;221;255;49m=[0m[38;2;238;255;255;49max_box[0m[38;2;137;221;255;49m,[0m                                                      │
     │ [38;2;238;255;255;49m    [0m[38;2;137;221;255;49m)[0m[38;2;137;221;255;49m.[0m[38;2;238;255;255;49mset[0m[38;2;137;221;255;49m([0m                                                              │
     │ [38;2;238;255;255;49m        [0m[38;2;238;255;255;49mxlabel[0m[38;2;137;221;255;49m=[0m[38;2;137;221;255;49mNone[0m[38;2;137;221;255;49m,[0m                                                    │
     │ [38;2;238;255;255;49m        [0m[38;2;238;255;255;49mylabel[0m[38;2;137;221;255;49m=[0m[38;2;137;221;255;49mNone[0m[38;2;137;221;255;49m,[0m                                                    │
     │ [38;2;238;255;255;49m        [0m[38;2;238;255;255;49myticks[0m[38;2;137;221;255;49m=[0m[38;2;137;221;255;49m[[0m[38;2;137;221;255;49m][0m[38;2;137;221;255;49m,[0m                                                      │
     │ [38;2;238;255;255;49m        [0m[38;2;238;255;255;49mxticks[0m[38;2;137;221;255;49m=[0m[38;2;137;221;255;49m[[0m[38;2;137;221;255;49m][0m[38;2;137;221;255;49m,[0m                                                      │
     │ [38;2;238;255;255;49m    [0m[38;2;137;221;255;49m)[0m                                                                   │
     │ [38;2;137;221;255;49m)[0m                                                                       │
     ╰─────────────────────────────────────────────────────────────────────────╯
                                                                                
[38;5;247m[3]:[0m  [Text(0.5, 0, ''), Text(0, 0.5, ''), [], []]                              
                                                                                
      🖼 Image                                                                   
                                                                                
      [48;2;28;27;31m           [0m[38;2;28;27;31;48;2;56;52;66m▀[0m[38;2;28;27;31;48;2;44;41;50m▀[0m[38;2;28;27;31;48;2;28;27;31m                 [0m[38;2;28;27;31;48;2;48;47;51m▀[0m[38;2;28;27;31;48;2;56;55;59m▀[0m[38;2;28;27;31;48;2;28;27;31m         [0m[38;2;28;27;31;48;2;37;36;40m▀[0m[38;2;28;27;31;48;2;60;58;62m▀[0m[38;2;28;27;31;48;2;54;52;56m▀[0m[38;2;28;27;31;48;2;28;27;31m               [0m[38;2;28;27;31;48;2;33;32;36m▀[0m[38;2;28;27;31;48;2;28;27;31m              [0m
      [48;2;28;27;31m         [0m[38;2;28;27;31;48;2;39;37;45m▀[0m[38;2;126;115;153;48;2;202;183;248m▀[0m[38;2;206;187;253;48;2;208;188;255m▀[0m[38;2;123;112;149;48;2;196;178;240m▀[0m[38;2;28;27;31;48;2;39;36;44m▀[0m[38;2;28;27;31;48;2;28;27;31m               [0m[38;2;53;49;62;48;2;39;52;49m▀[0m[38;2;55;51;64;48;2;40;54;50m▀[0m[38;2;51;49;53;48;2;40;38;42m▀[0m[38;2;61;59;63;48;2;44;42;46m▀[0m[38;2;61;59;63;48;2;28;27;31m        [0m[38;2;112;106;127;48;2;66;91;81m▀[0m[38;2;89;85;101;48;2;56;73;67m▀[0m[38;2;59;57;61;48;2;52;51;55m▀[0m[38;2;43;41;45;48;2;33;32;36m▀[0m[38;2;43;41;45;48;2;28;27;31m                 [0m[38;2;34;33;36;48;2;28;27;31m▀[0m[38;2;34;33;36;48;2;28;27;31m       [0m[38;2;29;28;32;48;2;28;27;31m▀[0m[38;2;32;31;35;48;2;29;28;32m▀[0m[38;2;32;31;35;48;2;28;27;31m  [0m
      [48;2;28;27;31m         [0m[38;2;95;87;114;48;2;153;139;187m▀[0m[38;2;95;87;114;48;2;208;188;255m   [0m[38;2;115;105;139;48;2;186;168;228m▀[0m[38;2;115;105;139;48;2;28;27;31m                 [0m[38;2;34;33;37;48;2;28;27;31m▀[0m[38;2;36;35;39;48;2;28;27;31m▀[0m[38;2;36;35;39;48;2;28;27;31m        [0m[38;2;39;42;43;48;2;28;27;31m▀[0m[38;2;36;38;40;48;2;33;32;35m▀[0m[38;2;35;34;38;48;2;28;27;31m▀[0m[38;2;30;29;33;48;2;28;27;31m▀[0m[38;2;30;29;33;48;2;28;27;31m [0m[38;2;28;27;31;48;2;29;28;32m▀[0m[38;2;28;27;31;48;2;28;27;31m            [0m[38;2;32;31;35;48;2;40;39;42m▀[0m[38;2;32;31;35;48;2;28;27;31m       [0m[38;2;39;38;41;48;2;40;39;42m▀[0m[38;2;39;38;41;48;2;28;27;31m      [0m
      [48;2;28;27;31m        [0m[38;2;38;36;44;48;2;91;83;109m▀[0m[38;2;203;183;248;48;2;208;188;255m▀[0m[38;2;208;188;255;48;2;105;96;127m▀[0m[38;2;208;188;255;48;2;45;42;52m▀[0m[38;2;208;188;255;48;2;157;143;192m▀[0m[38;2;208;188;255;48;2;208;188;255m [0m[38;2;57;53;67;48;2;107;98;129m▀[0m[38;2;57;53;67;48;2;28;27;31m                               [0m[38;2;32;31;35;48;2;28;27;31m▀[0m[38;2;32;31;35;48;2;28;27;31m    [0m[38;2;33;32;36;48;2;28;27;31m▀[0m[38;2;33;32;36;48;2;28;27;31m       [0m[38;2;33;32;36;48;2;40;39;42m [0m[38;2;33;32;36;48;2;28;27;31m  [0m[38;2;33;32;36;48;2;31;30;33m [0m[38;2;33;32;36;48;2;28;27;31m    [0m[38;2;33;32;36;48;2;40;39;42m [0m[38;2;33;32;36;48;2;28;27;31m   [0m[38;2;28;27;31;48;2;32;31;35m▀[0m[38;2;28;27;31;48;2;28;27;31m  [0m
      [48;2;28;27;31m        [0m[38;2;138;126;169;48;2;187;169;229m▀[0m[38;2;190;172;233;48;2;122;111;149m▀[0m[38;2;31;30;35;48;2;28;27;31m▀[0m[38;2;31;30;35;48;2;28;27;31m [0m[38;2;81;75;97;48;2;29;28;33m▀[0m[38;2;208;188;255;48;2;180;163;220m▀[0m[38;2;157;142;192;48;2;202;183;247m▀[0m[38;2;28;27;31;48;2;35;34;40m▀[0m[38;2;28;27;31;48;2;28;27;31m                              [0m[38;2;28;27;31;48;2;36;35;38m▀[0m[38;2;28;27;31;48;2;28;27;31m            [0m[38;2;28;27;31;48;2;40;39;42m [0m[38;2;28;27;31;48;2;28;27;31m  [0m[38;2;33;32;36;48;2;28;27;31m▀[0m[38;2;33;32;36;48;2;28;27;31m    [0m[38;2;33;32;36;48;2;40;39;42m [0m[38;2;33;32;36;48;2;28;27;31m   [0m[38;2;33;32;36;48;2;40;39;42m [0m[38;2;33;32;36;48;2;28;27;31m  [0m
      [48;2;28;27;31m       [0m[38;2;56;52;66;48;2;103;94;125m▀[0m[38;2;207;187;254;48;2;163;148;199m▀[0m[38;2;53;49;62;48;2;28;27;31m▀[0m[38;2;53;49;62;48;2;28;27;31m   [0m[38;2;98;90;118;48;2;39;37;44m▀[0m[38;2;208;188;255;48;2;203;184;249m▀[0m[38;2;81;74;97;48;2;133;121;162m▀[0m[38;2;81;74;97;48;2;28;27;31m                          [0m[38;2;33;32;35;48;2;28;27;31m▀[0m[38;2;33;32;35;48;2;28;27;31m   [0m[38;2;28;27;31;48;2;33;32;36m▀[0m[38;2;28;27;31;48;2;28;27;31m            [0m[38;2;28;27;31;48;2;40;39;42m [0m[38;2;28;27;31;48;2;28;27;31m  [0m[38;2;32;31;35;48;2;30;29;33m▀[0m[38;2;32;31;35;48;2;28;27;31m   [0m[38;2;121;114;136;48;2;177;166;204m▀[0m[38;2;144;135;164;48;2;211;196;247m▀[0m[38;2;140;132;161;48;2;211;196;247m▀[0m[38;2;69;65;76;48;2;92;87;103m▀[0m[38;2;69;65;76;48;2;28;27;31m [0m[38;2;69;65;76;48;2;40;39;42m [0m[38;2;69;65;76;48;2;28;27;31m  [0m
      [48;2;28;27;31m      [0m[38;2;28;27;31;48;2;31;30;35m▀[0m[38;2;150;137;183;48;2;195;176;238m▀[0m[38;2;104;95;125;48;2;80;120;108m▀[0m[38;2;28;27;31;48;2;93;175;137m▀[0m[38;2;28;27;31;48;2;77;139;111m▀[0m[38;2;28;27;31;48;2;28;28;32m▀[0m[38;2;28;27;31;48;2;28;27;31m  [0m[38;2;156;141;190;48;2;97;89;117m▀[0m[38;2;188;170;231;48;2;208;188;255m▀[0m[38;2;29;28;32;48;2;63;58;75m▀[0m[38;2;29;28;32;48;2;28;27;31m                         [0m[38;2;36;35;39;48;2;39;38;42m▀[0m[38;2;36;35;39;48;2;28;27;31m   [0m[38;2;36;35;39;48;2;39;38;42m [0m[38;2;36;35;39;48;2;28;27;31m    [0m[38;2;36;35;39;48;2;40;39;42m [0m[38;2;36;35;39;48;2;28;27;31m     [0m[38;2;28;27;31;48;2;51;49;56m▀[0m[38;2;28;27;31;48;2;189;177;219m▀[0m[38;2;40;39;42;48;2;189;177;219m▀[0m[38;2;28;27;31;48;2;189;177;219m▀[0m[38;2;28;27;31;48;2;41;40;44m▀[0m[38;2;28;27;31;48;2;40;39;42m [0m[38;2;28;27;31;48;2;28;27;31m   [0m[38;2;28;27;31;48;2;177;166;204m [0m[38;2;28;27;31;48;2;211;196;247m  [0m[38;2;92;87;103;48;2;97;92;107m▀[0m[38;2;28;27;31;48;2;36;35;39m▀[0m[38;2;40;39;42;48;2;47;46;49m▀[0m[38;2;28;27;31;48;2;35;34;37m▀[0m[38;2;28;27;31;48;2;28;27;31m [0m
      [48;2;28;27;31m      [0m[38;2;85;78;102;48;2;156;143;191m▀[0m[38;2;179;179;223;48;2;134;212;188m▀[0m[38;2;109;212;163;48;2;112;219;168m▀[0m[38;2;109;212;163;48;2;112;219;168m  [0m[38;2;72;128;103;48;2;112;219;168m▀[0m[38;2;28;27;31;48;2;53;84;71m▀[0m[38;2;28;27;31;48;2;28;27;31m [0m[38;2;42;39;48;48;2;28;27;31m▀[0m[38;2;205;185;251;48;2;160;145;195m▀[0m[38;2;116;106;140;48;2;169;153;206m▀[0m[38;2;116;106;140;48;2;28;27;31m                         [0m[38;2;116;106;140;48;2;39;38;42m [0m[38;2;116;106;140;48;2;28;27;31m   [0m[38;2;116;106;140;48;2;39;38;42m [0m[38;2;116;106;140;48;2;28;27;31m    [0m[38;2;116;106;140;48;2;40;39;42m [0m[38;2;28;27;31;48;2;41;41;44m▀[0m[38;2;28;27;31;48;2;119;185;153m▀▀▀[0m[38;2;28;27;31;48;2;41;41;44m▀[0m[38;2;28;27;31;48;2;53;51;58m [0m[38;2;28;27;31;48;2;211;196;247m   [0m[38;2;42;41;45;48;2;45;44;48m▀[0m[38;2;40;39;42;48;2;43;42;45m▀[0m[38;2;28;27;31;48;2;32;31;34m▀[0m[38;2;28;27;31;48;2;30;29;33m▀[0m[38;2;28;27;31;48;2;28;27;31m [0m[38;2;163;154;185;48;2;177;166;204m▀[0m[38;2;192;180;222;48;2;211;196;247m▀▀[0m[38;2;137;171;165;48;2;143;178;174m▀[0m[38;2;124;201;164;48;2;125;206;167m▀[0m[38;2;124;200;163;48;2;125;206;167m▀[0m[38;2;100;150;127;48;2;101;153;129m▀[0m[38;2;100;150;127;48;2;28;27;31m [0m
      [48;2;28;27;31m     [0m[38;2;51;48;60;48;2;104;117;131m▀[0m[38;2;157;203;209;48;2;113;212;167m▀[0m[38;2;112;218;167;48;2;57;93;78m▀[0m[38;2;70;124;100;48;2;28;27;31m▀[0m[38;2;41;57;52;48;2;28;27;31m▀[0m[38;2;42;59;54;48;2;28;27;31m▀[0m[38;2;93;176;137;48;2;29;29;33m▀[0m[38;2;101;193;149;48;2;90;168;132m▀[0m[38;2;31;34;36;48;2;73;130;104m▀[0m[38;2;31;34;36;48;2;28;27;31m [0m[38;2;93;86;113;48;2;34;32;38m▀[0m[38;2;206;187;253;48;2;197;178;241m▀[0m[38;2;48;45;56;48;2;125;113;151m▀[0m[38;2;48;45;56;48;2;28;27;31m     [0m[38;2;28;27;31;48;2;40;54;51m▀[0m[38;2;28;27;31;48;2;53;83;71m▀[0m[38;2;28;27;31;48;2;60;101;84m▀[0m[38;2;28;27;31;48;2;65;112;92m▀[0m[38;2;28;27;31;48;2;67;117;95m▀[0m[38;2;28;27;31;48;2;68;118;96m▀[0m[38;2;28;27;31;48;2;67;116;94m▀[0m[38;2;28;27;31;48;2;66;113;92m▀[0m[38;2;28;27;31;48;2;69;120;97m▀[0m[38;2;28;27;31;48;2;38;49;47m▀[0m[38;2;28;27;31;48;2;28;27;31m        [0m[38;2;108;102;122;48;2;156;146;178m▀[0m[38;2;137;129;156;48;2;198;185;230m▀[0m[38;2;133;125;153;48;2;198;185;230m▀[0m[38;2;113;130;132;48;2;149;172;177m▀[0m[38;2;107;164;137;48;2;125;206;167m▀[0m[38;2;109;166;139;48;2;125;206;167m▀[0m[38;2;98;140;120;48;2;113;173;144m▀[0m[38;2;98;140;120;48;2;28;27;31m [0m[38;2;32;31;35;48;2;109;102;123m▀[0m[38;2;36;35;38;48;2;205;191;240m▀[0m[38;2;46;46;48;48;2;205;191;239m▀[0m[38;2;47;48;51;48;2;179;169;205m▀[0m[38;2;121;189;156;48;2;125;206;167m▀▀▀[0m[38;2;121;189;156;48;2;41;42;45m [0m[38;2;52;50;56;48;2;53;51;58m▀[0m[38;2;193;181;224;48;2;211;196;247m▀▀▀[0m[38;2;118;173;147;48;2;118;168;144m▀[0m[38;2;122;194;159;48;2;121;188;156m▀[0m[38;2;122;194;160;48;2;121;188;156m▀[0m[38;2;70;93;84;48;2;70;91;82m▀[0m[38;2;70;93;84;48;2;28;27;31m [0m[38;2;177;166;204;48;2;121;114;136m▀[0m[38;2;211;196;247;48;2;144;135;164m▀[0m[38;2;211;196;247;48;2;140;132;161m▀[0m[38;2;142;176;172;48;2;120;152;144m▀[0m[38;2;124;201;164;48;2;122;193;159m▀▀[0m[38;2;100;150;127;48;2;99;145;124m▀[0m[38;2;100;150;127;48;2;28;27;31m [0m
      [48;2;28;27;31m [0m[38;2;37;38;43;48;2;32;34;37m▀[0m[38;2;114;156;153;48;2;115;178;160m▀[0m[38;2;63;103;86;48;2;147;208;199m▀[0m[38;2;88;157;127;48;2;170;198;220m▀[0m[38;2;125;204;176;48;2;105;109;130m▀[0m[38;2;47;71;62;48;2;28;27;31m▀[0m[38;2;47;71;62;48;2;28;27;31m     [0m[38;2;40;53;50;48;2;28;27;31m▀[0m[38;2;108;210;162;48;2;64;109;90m▀[0m[38;2;61;104;86;48;2;112;218;167m▀[0m[38;2;28;27;31;48;2;70;122;99m▀[0m[38;2;138;125;168;48;2;83;91;104m▀[0m[38;2;196;178;240;48;2;204;189;252m▀[0m[38;2;37;35;42;48;2;105;132;137m▀[0m[38;2;28;27;31;48;2;87;161;127m▀[0m[38;2;42;59;53;48;2;112;218;167m▀[0m[38;2;76;138;110;48;2;110;215;165m▀[0m[38;2;105;202;156;48;2;83;153;121m▀[0m[38;2;112;219;168;48;2;49;75;66m▀[0m[38;2;108;211;162;48;2;29;30;33m▀[0m[38;2;94;177;138;48;2;28;27;31m▀[0m[38;2;83;153;121;48;2;28;27;31m▀[0m[38;2;79;143;114;48;2;38;36;43m▀[0m[38;2;84;154;122;48;2;78;71;93m▀[0m[38;2;90;168;132;48;2;111;101;134m▀[0m[38;2;96;184;143;48;2;136;124;165m▀[0m[38;2;103;197;153;48;2;132;120;160m▀[0m[38;2;46;68;60;48;2;49;46;58m▀[0m[38;2;46;68;60;48;2;28;27;31m        [0m[38;2;161;151;185;48;2;86;82;96m▀[0m[38;2;205;191;240;48;2;109;103;123m▀[0m[38;2;205;191;240;48;2;104;98;118m▀[0m[38;2;151;169;177;48;2;108;134;128m▀[0m[38;2;121;188;156;48;2;125;206;167m▀▀[0m[38;2;110;160;135;48;2;113;173;144m▀[0m[38;2;110;160;135;48;2;28;27;31m [0m[38;2;111;104;126;48;2;104;98;116m▀[0m[38;2;211;196;247;48;2;192;180;222m▀▀[0m[38;2;181;171;209;48;2;163;154;185m▀[0m[38;2;93;137;117;48;2;28;27;31m▀[0m[38;2;96;141;120;48;2;39;38;42m▀[0m[38;2;93;137;117;48;2;28;27;31m▀[0m[38;2;37;37;41;48;2;28;27;31m▀[0m[38;2;53;51;58;48;2;41;40;45m▀[0m[38;2;211;196;247;48;2;116;109;132m▀[0m[38;2;211;196;247;48;2;121;114;137m▀[0m[38;2;211;196;247;48;2;116;109;132m▀[0m[38;2;111;157;135;48;2;36;35;39m▀[0m[38;2;113;174;145;48;2;40;39;42m▀[0m[38;2;113;173;144;48;2;28;27;31m▀[0m[38;2;66;85;78;48;2;28;27;31m▀[0m[38;2;66;85;78;48;2;28;27;31m  [0m[38;2;66;85;78;48;2;40;39;42m [0m[38;2;66;85;78;48;2;28;27;31m [0m[38;2;80;108;96;48;2;28;27;31m▀[0m[38;2;113;173;144;48;2;28;27;31m▀[0m[38;2;113;174;145;48;2;40;39;42m▀[0m[38;2;92;131;113;48;2;28;27;31m▀[0m[38;2;92;131;113;48;2;28;27;31m [0m
      [48;2;28;27;31m  [0m[38;2;29;28;32;48;2;28;27;31m▀[0m[38;2;73;67;87;48;2;28;27;31m▀[0m[38;2;47;44;54;48;2;28;27;31m▀[0m[38;2;47;44;54;48;2;28;27;31m         [0m[38;2;83;152;120;48;2;31;34;36m▀[0m[38;2;112;219;168;48;2;92;174;136m▀[0m[38;2;112;219;168;48;2;112;219;168m [0m[38;2;120;216;175;48;2;110;215;165m▀[0m[38;2;121;216;176;48;2;155;203;207m▀[0m[38;2;110;214;164;48;2;170;171;213m▀[0m[38;2;74;132;106;48;2;47;44;55m▀[0m[38;2;36;47;45;48;2;28;27;31m▀[0m[38;2;28;27;31;48;2;34;32;38m▀[0m[38;2;28;27;31;48;2;89;82;108m▀[0m[38;2;28;27;31;48;2;164;149;201m▀[0m[38;2;64;59;76;48;2;208;188;255m▀[0m[38;2;145;132;177;48;2;205;185;251m▀[0m[38;2;205;185;251;48;2;139;127;170m▀[0m[38;2;208;188;255;48;2;74;68;88m▀[0m[38;2;208;188;255;48;2;38;36;43m▀[0m[38;2;199;180;244;48;2;28;27;31m▀[0m[38;2;206;186;253;48;2;30;28;33m▀[0m[38;2;69;63;82;48;2;30;29;33m▀[0m[38;2;69;63;82;48;2;28;27;31m         [0m[38;2;39;38;42;48;2;28;27;31m▀[0m[38;2;39;38;42;48;2;28;27;31m [0m[38;2;44;49;50;48;2;28;27;31m▀[0m[38;2;61;78;72;48;2;28;27;31m▀[0m[38;2;68;84;78;48;2;39;38;42m▀[0m[38;2;57;70;66;48;2;28;27;31m▀[0m[38;2;57;70;66;48;2;28;27;31m [0m[38;2;52;50;58;48;2;28;27;31m▀[0m[38;2;79;76;89;48;2;28;27;31m▀[0m[38;2;87;83;96;48;2;40;39;42m▀[0m[38;2;71;68;79;48;2;28;27;31m▀[0m[38;2;71;68;79;48;2;28;27;31m      [0m[38;2;71;68;79;48;2;40;39;42m [0m[38;2;71;68;79;48;2;28;27;31m  [0m[38;2;71;68;79;48;2;40;39;42m [0m[38;2;71;68;79;48;2;28;27;31m    [0m[38;2;71;68;79;48;2;40;39;42m [0m[38;2;71;68;79;48;2;28;27;31m   [0m[38;2;40;39;42;48;2;37;36;39m▀[0m[38;2;40;39;42;48;2;28;27;31m  [0m
      [48;2;28;27;31m                [0m[38;2;37;47;46;48;2;28;27;31m▀[0m[38;2;36;46;44;48;2;28;27;31m▀[0m[38;2;130;118;157;48;2;32;30;35m▀[0m[38;2;208;188;255;48;2;127;115;154m▀[0m[38;2;203;184;249;48;2;207;187;254m▀[0m[38;2;189;171;231;48;2;208;188;255m▀[0m[38;2;198;179;243;48;2;208;188;255m▀[0m[38;2;208;188;255;48;2;192;174;235m▀[0m[38;2;208;188;255;48;2;92;84;111m▀[0m[38;2;154;140;188;48;2;28;27;31m▀[0m[38;2;56;52;66;48;2;28;27;31m▀[0m[38;2;56;52;66;48;2;28;27;31m                   [0m[38;2;32;31;35;48;2;28;27;31m▀[0m[38;2;32;31;35;48;2;28;27;31m    [0m[38;2;40;39;42;48;2;30;29;33m▀[0m[38;2;40;39;42;48;2;28;27;31m       [0m[38;2;40;39;42;48;2;40;39;42m [0m[38;2;40;39;42;48;2;28;27;31m  [0m[38;2;34;33;36;48;2;28;27;31m▀[0m[38;2;34;33;36;48;2;28;27;31m    [0m[38;2;34;33;36;48;2;28;27;31m▀[0m[38;2;34;33;36;48;2;28;27;31m      [0m
      [38;2;28;27;31;48;2;37;36;40m▀[0m[38;2;28;27;31;48;2;45;44;48m▀▀▀▀▀▀▀▀▀▀▀▀▀▀▀▀▀▀▀[0m[38;2;70;64;83;48;2;45;44;48m▀[0m[38;2;97;89;117;48;2;45;44;48m▀[0m[38;2;82;75;98;48;2;45;44;48m▀[0m[38;2;31;30;35;48;2;45;44;48m▀[0m[38;2;28;27;31;48;2;45;44;48m▀▀▀▀▀▀▀▀▀[0m[38;2;28;27;31;48;2;41;40;44m▀[0m[38;2;28;27;31;48;2;28;27;31m      [0m[38;2;28;27;31;48;2;40;39;43m▀[0m[38;2;28;27;31;48;2;45;44;48m▀▀▀▀▀▀▀▀▀▀▀▀▀▀▀▀▀▀[0m[38;2;34;33;36;48;2;45;44;48m▀[0m[38;2;28;27;31;48;2;45;44;48m▀▀▀▀▀▀▀▀▀▀▀▀▀[0m[38;2;28;27;31;48;2;39;37;41m▀[0m
