      ┏━━━━━━━━━━━━━━━━━━━━━━━━━━━━━━━━━━━━━━━━━━━━━━━━━━━━━━━━━━━━━━━━━━━━━━━━┓
      ┃                              Lorem ipsum                               ┃
      ┗━━━━━━━━━━━━━━━━━━━━━━━━━━━━━━━━━━━━━━━━━━━━━━━━━━━━━━━━━━━━━━━━━━━━━━━━┛
                                                                                
     ╭─────────────────────────────────────────────────────────────────────────╮
[1]: │ import matplotlib.pyplot as plt                                         │
     │ import seaborn as sns                                                   │
     ╰─────────────────────────────────────────────────────────────────────────╯
                                                                                
                                                                                
                                     Condimentum                                
                                                                                
      Lorem ipsum dolor sit amet, consectetur adipiscing elit, sed do eiusmod   
      tempor incididunt ut labore et dolore magna aliqua. Sunt in culpa qui     
      officia deserunt mollit anim id est laborum.                              
                                                                                
     ╭─────────────────────────────────────────────────────────────────────────╮
[2]: │ fmri = sns.load_dataset("fmri")                                         │
     │ tips = sns.load_dataset("tips")                                         │
     │ fmri.head()                                                             │
     ╰─────────────────────────────────────────────────────────────────────────╯
                                                                                
     ╭─────────────────────────────────────────────────────────────────────────╮
[3]: │ _, (ax_line, ax_box) = plt.subplots(ncols=2, facecolor="#1C1B1F", figs… │
     │ (                                                                       │
     │     fmri.pipe(                                                          │
     │         (sns.lineplot, "data"),                                         │
     │         x="timepoint",                                                  │
     │         y="signal",                                                     │
     │         hue="event",                                                    │
     │         ax=ax_line,                                                     │
     │         err_kws={"alpha": 1},                                           │
     │     ).set(                                                              │
     │         xlabel=None,                                                    │
     │         ylabel=None,                                                    │
     │         yticks=[],                                                      │
     │         xticks=[],                                                      │
     │     )                                                                   │
     │ )                                                                       │
     │                                                                         │
     │ (                                                                       │
     │     tips.pipe(                                                          │
     │         (sns.boxplot, "data"),                                          │
     │         x="day",                                                        │
     │         y="total_bill",                                                 │
     │         hue="smoker",                                                   │
     │         ax=ax_box,                                                      │
     │     ).set(                                                              │
     │         xlabel=None,                                                    │
     │         ylabel=None,                                                    │
     │         yticks=[],                                                      │
     │         xticks=[],                                                      │
     │     )                                                                   │
     │ )                                                                       │
     ╰─────────────────────────────────────────────────────────────────────────╯
