def foo(x: float, y: float) -> float:
    return x + y                     
