      ┏━━━━━━━━━━━━━━━━━━━━━━━━━━━━━━━━━━━━━━━━━━━━━━━━━━━━━━━━━━━━━━━━━━━━━━━━┓
      ┃                              Lorem ipsum                               ┃
      ┗━━━━━━━━━━━━━━━━━━━━━━━━━━━━━━━━━━━━━━━━━━━━━━━━━━━━━━━━━━━━━━━━━━━━━━━━┛
                                                                                
     ╭─────────────────────────────────────────────────────────────────────────╮
[1]: │   1 import matplotlib.pyplot as plt                                     │
     │   2 import seaborn as sns                                               │
     ╰─────────────────────────────────────────────────────────────────────────╯
                                                                                
                                                                                
                                     Condimentum                                
                                                                                
      Lorem ipsum dolor sit amet, consectetur adipiscing elit, sed do eiusmod   
      tempor incididunt ut labore et dolore magna aliqua. Sunt in culpa qui     
      officia deserunt mollit anim id est laborum.                              
                                                                                
     ╭─────────────────────────────────────────────────────────────────────────╮
[2]: │   1 fmri = sns.load_dataset("fmri")                                     │
     │   2 tips = sns.load_dataset("tips")                                     │
     │   3 fmri.head()                                                         │
     ╰─────────────────────────────────────────────────────────────────────────╯
                                                                                
[2]:  🌐 Click to view HTML                                                     
                                                                                
[2]:       subject   timepoint   event     region      signal                   
      ────────────────────────────────────────────────────────                  
       0       s13          18    stim   parietal   -0.017552                   
       1        s5          14    stim   parietal   -0.080883                   
       2       s12          18    stim   parietal   -0.081033                   
       3       s11          18    stim   parietal   -0.046134                   
       4       s10          18    stim   parietal   -0.037970                   
                                                                                
     ╭─────────────────────────────────────────────────────────────────────────╮
[3]: │    1 _, (ax_line, ax_box) = plt.subplots(ncols=2, facecolor="#1C1B1F",  │
     │    2 (                                                                  │
     │    3     fmri.pipe(                                                     │
     │    4         (sns.lineplot, "data"),                                    │
     │    5         x="timepoint",                                             │
     │    6         y="signal",                                                │
     │    7         hue="event",                                               │
     │    8         ax=ax_line,                                                │
     │    9         err_kws={"alpha": 1},                                      │
     │   10     ).set(                                                         │
     │   11         xlabel=None,                                               │
     │   12         ylabel=None,                                               │
     │   13         yticks=[],                                                 │
     │   14         xticks=[],                                                 │
     │   15     )                                                              │
     │   16 )                                                                  │
     │   17                                                                    │
     │   18 (                                                                  │
     │   19     tips.pipe(                                                     │
     │   20         (sns.boxplot, "data"),                                     │
     │   21         x="day",                                                   │
     │   22         y="total_bill",                                            │
     │   23         hue="smoker",                                              │
     │   24         ax=ax_box,                                                 │
     │   25     ).set(                                                         │
     │   26         xlabel=None,                                               │
     │   27         ylabel=None,                                               │
     │   28         yticks=[],                                                 │
     │   29         xticks=[],                                                 │
     │   30     )                                                              │
     │   31 )                                                                  │
     ╰─────────────────────────────────────────────────────────────────────────╯
                                                                                
[3]:  [Text(0.5, 0, ''), Text(0, 0.5, ''), [], []]                              
                                                                                
      🖼 Click to view Image                                                     
                                                                                
      GGGGGGGGGGGGGGGGGGGGGGGGGGGGGGGGGGGGGGGGGGGGGGGGGGGGGGGGGGGGGGGGGGGGGGGGGG
      GGGGGGGGGG:::GGGGGGGGGGGGGGGGGGGGGGGGGGGGGGGGGGGGGGGGGGGGGGGGGGGGGGGGGGGGG
      GGGGGGGGG:::::GGGGGGGGGGGGGGGGGGGGGGGGGGGGGGGGGGGGGGGGGGGGGPGGGGGGGGGGGGGG
      GGGGGGGGG:GG::GGGGGGGGGGGGGGGGGGGGGGGGGGGGGGGGGGGGGGGGGGGGGPGGGGGGGGGGGGGG
      GGGGGGGG:GGGG::GGGGGGGGGGGGGGGGGGGGGGGGGGGGGGGGGGGGGGGGGGGGPGGGGGGGGGGGGGG
      GGGGGGG!:GGGGG::GGGGGGGGGGGGGGGGGGGGGGGGGGGGGGGGGGGGGGGGGGGPGGGGGG:::GGGGG
      GGGGGGG:!!!GGGG:GGGGGGGGGGGGGGGGGGGGGGGGGGGGGGGGGGGGGGGGGG:::GGGGG:::?!!!G
      GGGGGG:!!GG!!GGG:GGGGGGGGGGGGGGGGGGGGGGGGGGGP???GGGGG!!!GG:::!!!PG:::?!!!G
      GG:G!!GGGGGGG!GG::GGG?!!!!!!!!!!GGGGGGGGG:::P!!!GP:::!!!GG:::!!!PGGGG?!!!G
      GGGGGGGGGGGGGG!!!!!!GGGGGG::::::GGGGGGGGGGGGGGGGGGGGGGGGGGGPGGGGGGGGGGGGGG
      GGGGGGGGGGGGGGGGGGG::::::GGGGGGGGGGGGGGGGGGGGGGGGGGGGGGGGGGPGGGGGGGGGGGGGG
      GGGGGGGGGGGGGGGGGGGGGGGGGGGGGGGGGGGGGGGGGGGGGGGGGGGGGGGGGGGGGGGGGGGGGGGGGG
