      â•­â”€â”€â•®
[38;5;247m[11]:[0m â•°â”€â”€â•¯
