  ┏━━━━━━━━━━━━━━━━━━━━━━━━━━━━━━━━━━━━━━━━━━━━━━━━━━━━━━━━━━━━━━━━━━━━━━━━━━━━┓
  ┃                                [1mLorep ipsum[0m                                 ┃
  ┗━━━━━━━━━━━━━━━━━━━━━━━━━━━━━━━━━━━━━━━━━━━━━━━━━━━━━━━━━━━━━━━━━━━━━━━━━━━━┛
                                                                                
  Hey                                                                           
                                                                                
   [1ma[0m                         [1mb[0m                          [1mc[0m                       
  ──────────────────────────────────────────────────────────────────────────────
   1                         2                          3                       
                                                                                
                                                                                
  X ∼𝒩(μ, σ^2)                                                                  
                                                                                
  Hear                                                                          
                                                                                
   [1ma[0m                         [1mb[0m                          [1mc[0m                       
  ──────────────────────────────────────────────────────────────────────────────
   1                         2                          3                       
                                                                                
  Ehse                                                                          
                                                                                
  rmse = √(( rac1n)∑_i=1^n(y_i - x_i)^2)                                        
                                                                                
  Fin                                                                           
