     â•­â”€â”€â”€â”€â”€â”€â”€â”€â”€â”€â”€â”€â”€â”€â”€â”€â”€â”€â”€â”€â”€â”€â”€â”€â”€â”€â”€â”€â”€â”€â”€â”€â”€â”€â”€â”€â”€â”€â”€â•®
[38;5;247m[3]:[0m â”‚ [38;2;137;221;255;49m%%timeit[0m                              â”‚
     â”‚ [38;2;187;128;179;49mdef[0m[38;2;238;255;255;49m [0m[38;2;130;170;255;49mfoo[0m[38;2;137;221;255;49m([0m[38;2;238;255;255;49mx[0m[38;2;137;221;255;49m:[0m[38;2;238;255;255;49m [0m[38;2;130;170;255;49mfloat[0m[38;2;137;221;255;49m,[0m[38;2;238;255;255;49m [0m[38;2;238;255;255;49my[0m[38;2;137;221;255;49m:[0m[38;2;238;255;255;49m [0m[38;2;130;170;255;49mfloat[0m[38;2;137;221;255;49m)[0m[38;2;238;255;255;49m [0m[38;2;137;221;255;49m-[0m[38;2;137;221;255;49m>[0m[38;2;238;255;255;49m [0m[38;2;130;170;255;49mfloat[0m[38;2;137;221;255;49m:[0m â”‚
     â”‚ [38;2;238;255;255;49m    [0m[38;2;187;128;179;49mreturn[0m[38;2;238;255;255;49m [0m[38;2;238;255;255;49mx[0m[38;2;238;255;255;49m [0m[38;2;137;221;255;49m+[0m[38;2;238;255;255;49m [0m[38;2;238;255;255;49my[0m                      â”‚
     â•°â”€â”€â”€â”€â”€â”€â”€â”€â”€â”€â”€â”€â”€â”€â”€â”€â”€â”€â”€â”€â”€â”€â”€â”€â”€â”€â”€â”€â”€â”€â”€â”€â”€â”€â”€â”€â”€â”€â”€â•¯
