     â•­â”€â”€â”€â”€â”€â”€â”€â”€â”€â”€â”€â”€â”€â”€â”€â”€â”€â”€â•®
[38;5;247m[3]:[0m â”‚   [2m1 [0m[38;2;255;70;137;49m%%[0m[38;2;102;217;239;49mbash[0m       â”‚
     â”‚   [2m2 [0m[38;2;248;248;242;49mecho[0m[38;2;248;248;242;49m [0m[38;2;230;219;116;49m'lorep'[0m â”‚
     â•°â”€â”€â”€â”€â”€â”€â”€â”€â”€â”€â”€â”€â”€â”€â”€â”€â”€â”€â•¯
