     â•­â”€â”€â”€â”€â”€â”€â”€â”€â”€â”€â”€â”€â”€â”€â”€â”€â”€â”€â”€â”€â”€â”€â”€â”€â”€â”€â”€â”€â”€â”€â”€â”€â”€â”€â”€â”€â”€â”€â”€â”€â”€â”€â”€â”€â”€â”€â”€â”€â”€â”€â”€â”€â”€â”€â”€â”€â”€â”€â”€â”€â”€â”€â”€â”€â”€â”€â”€â”€â”€â”€â”€â”€â”€â•®
[38;5;247m[3]:[0m â”‚ [38;2;248;248;242;49mnon_monkeys[0m[38;2;248;248;242;49m [0m[38;2;255;70;137;49m=[0m[38;2;248;248;242;49m [0m[38;2;248;248;242;49m[[0m[38;2;248;248;242;49manimal[0m[38;2;248;248;242;49m [0m[38;2;102;217;239;49mfor[0m[38;2;248;248;242;49m [0m[38;2;248;248;242;49manimal[0m[38;2;248;248;242;49m [0m[38;2;255;70;137;49min[0m[38;2;248;248;242;49m [0m[38;2;248;248;242;49mget_animals[0m[38;2;248;248;242;49m([0m[38;2;230;219;116;49m"[0m[38;2;230;219;116;49mmamals[0m[38;2;230;219;116;49m"[0m[38;2;248;248;242;49m)[0m[38;2;248;248;242;49m [0m[38;2;102;217;239;49mif[0m[38;2;248;248;242;49m [0m[38;2;248;248;242;49manimal[0m[38;2;248;248;242;49m [0m[38;2;255;70;137;49m!=[0m[38;2;248;248;242;49m [0m â”‚
     â”‚ [38;2;230;219;116;49m"[0m[38;2;230;219;116;49mmonkey[0m[38;2;230;219;116;49m"[0m[38;2;248;248;242;49m][0m                                                               â”‚
     â•°â”€â”€â”€â”€â”€â”€â”€â”€â”€â”€â”€â”€â”€â”€â”€â”€â”€â”€â”€â”€â”€â”€â”€â”€â”€â”€â”€â”€â”€â”€â”€â”€â”€â”€â”€â”€â”€â”€â”€â”€â”€â”€â”€â”€â”€â”€â”€â”€â”€â”€â”€â”€â”€â”€â”€â”€â”€â”€â”€â”€â”€â”€â”€â”€â”€â”€â”€â”€â”€â”€â”€â”€â”€â•¯
