my_file
def foo(x: float, y: float) -> float:
    return x + y                     


my_file
def foo(x: float, y: float) -> float:
    return x + y                     


