                                                                                
 Usage: main [OPTIONS] [FILE]...                                                
                                                                                
 Render a Jupyter Notebook in the terminal.              