  hey                                                                           
                                                                                
                                                                                
                                                                                
  there [1mhello[0m                                                                   
