     â•­â”€â”€â•®
[38;5;247m[2]:[0m â•°â”€â”€â•¯
