┏━━━━━━━━━━━━━━━━━━━━━━━━━━━━━━━━━━━━━━━━━━━━━━━━━━━━━━━━━━━━━━━━━━━━━━━━━━━━━━┓
┃                                 Lorem ipsum                                  ┃
┗━━━━━━━━━━━━━━━━━━━━━━━━━━━━━━━━━━━━━━━━━━━━━━━━━━━━━━━━━━━━━━━━━━━━━━━━━━━━━━┛
                                                                                
import matplotlib.pyplot as plt                                                 
import seaborn as sns                                                           
                                                                                
                                                                                
                                  Condimentum                                   
                                                                                
Lorem ipsum dolor sit amet, consectetur adipiscing elit, sed do eiusmod tempor  
incididunt ut labore et dolore magna aliqua. Sunt in culpa qui officia deserunt 
mollit anim id est laborum.                                                     
                                                                                
fmri = sns.load_dataset("fmri")                                                 
tips = sns.load_dataset("tips")                                                 
fmri.head()                                                                     
                                                                                
🌐 Click to view HTML                                                           
                                                                                
     subject   timepoint   event     region      signal                         
────────────────────────────────────────────────────────                        
 0       s13          18    stim   parietal   -0.017552                         
 1        s5          14    stim   parietal   -0.080883                         
 2       s12          18    stim   parietal   -0.081033                         
 3       s11          18    stim   parietal   -0.046134                         
 4       s10          18    stim   parietal   -0.037970                         
                                                                                
_, (ax_line, ax_box) = plt.subplots(ncols=2, facecolor="#1C1B1F", figsize=(20, …
(                                                                               
    fmri.pipe(                                                                  
        (sns.lineplot, "data"),                                                 
        x="timepoint",                                                          
        y="signal",                                                             
        hue="event",                                                            
        ax=ax_line,                                                             
        err_kws={"alpha": 1},                                                   
    ).set(                                                                      
        xlabel=None,                                                            
        ylabel=None,                                                            
        yticks=[],                                                              
        xticks=[],                                                              
    )                                                                           
)                                                                               
                                                                                
(                                                                               
    tips.pipe(                                                                  
        (sns.boxplot, "data"),                                                  
        x="day",                                                                
        y="total_bill",                                                         
        hue="smoker",                                                           
        ax=ax_box,                                                              
    ).set(                                                                      
        xlabel=None,                                                            
        ylabel=None,                                                            
        yticks=[],                                                              
        xticks=[],                                                              
    )                                                                           
)                                                                               
                                                                                
[Text(0.5, 0, ''), Text(0, 0.5, ''), [], []]                                    
                                                                                
🖼 Click to view Image                                                           
                                                                                
GGGGGGGGGGGGGGGGGGGGGGGGGGGGGGGGGGGGGGGGGGGGGGGGGGGGGGGGGGGGGGGGGGGGGGGGGGGGGGGG
GGGGGGGGGGG:::GGGGGGGGGGGGGGGGGGGGGGGGGGGGGGGGGGGGGGGGGGGGGGGGGGGGGGGGGGGGGGGGGG
GGGGGGGGGG:::::GGGGGGGGGGGGGGGGGGGGGGGGGGGGGGGGGGGGGGGGGGGGGGGGGGGGGGGGGGGGGGGGG
GGGGGGGGG:::!::?GGGGGGGGGGGGGGGGGGGGGGGGGGGGGGGGGGGGGGGGGGGGGGGGGGGGGGGGGGGGGGGG
GGGGGGGGG:PGGG::GGGGGGGGGGGGGGGGGGGGGGGGGGGGGGGGGGGGGGGGGGGGGGGGGGGGGGGGGGGGGGGG
GGGGGGGG::GGGGG::GGGGGGGGGGGGGGGGGGGGGGGGGGGGGGGGGGGGGGGGGGGGGGGGGGGGGGP:::GGGGG
GGGGGGGG:GGGGGGG:GGGGGGGGGGGGGGGGGGGGGGGGGGGGGGGGGGGGGGGGGGGGGPPPPGGGGGP:::GGGGG
GGGGGGG:!!!!!GGG::GGGGGGGGGGGGGGGGGGGGGGGGGGGGGGGGGGGGGGGPPPPGP:::GGGGGP:::!!!!G
GGGGGG:!?GGGG!GGG::GGGGGGGGGGGGGGGGGGGGGGGGGP:::!!!!GPPPP!!!!GP:::!!!!GP:::????G
GG!!!:GGGGGGGG!!GG::GG!!!!PGGGGGGGGGGGGGGGGGP:::!!!!GP:::GGGGGP:::GGGGGGGGGGGGGG
GGGGGGGGGGGGGGGG!!!!!GGGGGG:::::GGPGGGGGGGGGGGGGGGGGGGGGGGGGGGGGGGGGGGGGGGGGGGGG
GGGGGGGGGGGGGGGGGGGG:::::::GGGGGGGGGGGGGGGGGGGGGGGGGGGGGGGGGGGGGGGGGGGGGGGGGGGGG
GGGGGGGGGGGGGGGGGGGGGGGGGGGGGGGGGGGGGGGGGGGGGGGGGGGGGGGGGGGGGGGGGGGGGGGGGGGGGGGG
