     â•­â”€â”€â”€â”€â”€â”€â”€â”€â”€â”€â”€â”€â”€â”€â”€â”€â”€â”€â”€â”€â”€â”€â”€â”€â”€â”€â”€â”€â”€â”€â”€â”€â”€â”€â”€â”€â”€â”€â”€â•®
[38;5;247m[2]:[0m â”‚ [38;5;139;49mdef[0m[38;5;231;49m [0m[38;5;111;49mfoo[0m[38;5;117;49m([0m[38;5;231;49mx[0m[38;5;117;49m:[0m[38;5;231;49m [0m[38;5;111;49mfloat[0m[38;5;117;49m,[0m[38;5;231;49m [0m[38;5;231;49my[0m[38;5;117;49m:[0m[38;5;231;49m [0m[38;5;111;49mfloat[0m[38;5;117;49m)[0m[38;5;231;49m [0m[38;5;117;49m-[0m[38;5;117;49m>[0m[38;5;231;49m [0m[38;5;111;49mfloat[0m[38;5;117;49m:[0m â”‚
     â”‚ [38;5;231;49m    [0m[38;5;139;49mreturn[0m[38;5;231;49m [0m[38;5;231;49mx[0m[38;5;231;49m [0m[38;5;117;49m+[0m[38;5;231;49m [0m[38;5;231;49my[0m                      â”‚
     â•°â”€â”€â”€â”€â”€â”€â”€â”€â”€â”€â”€â”€â”€â”€â”€â”€â”€â”€â”€â”€â”€â”€â”€â”€â”€â”€â”€â”€â”€â”€â”€â”€â”€â”€â”€â”€â”€â”€â”€â•¯
