┏━ TEMPFILE ━━━━━━━━━━━━━━━┓
┃                                                                              ┃
┃       ╭───────────────────────────────────────╮                              ┃
┃  [38;5;247m[2]:[0m │ [38;2;187;128;179;49mdef[0m[38;2;238;255;255;49m [0m[38;2;130;170;255;49mfoo[0m[38;2;137;221;255;49m([0m[38;2;238;255;255;49mx[0m[38;2;137;221;255;49m:[0m[38;2;238;255;255;49m [0m[38;2;130;170;255;49mfloat[0m[38;2;137;221;255;49m,[0m[38;2;238;255;255;49m [0m[38;2;238;255;255;49my[0m[38;2;137;221;255;49m:[0m[38;2;238;255;255;49m [0m[38;2;130;170;255;49mfloat[0m[38;2;137;221;255;49m)[0m[38;2;238;255;255;49m [0m[38;2;137;221;255;49m-[0m[38;2;137;221;255;49m>[0m[38;2;238;255;255;49m [0m[38;2;130;170;255;49mfloat[0m[38;2;137;221;255;49m:[0m │                              ┃
┃       │ [38;2;238;255;255;49m    [0m[38;2;187;128;179;49mreturn[0m[38;2;238;255;255;49m [0m[38;2;238;255;255;49mx[0m[38;2;238;255;255;49m [0m[38;2;137;221;255;49m+[0m[38;2;238;255;255;49m [0m[38;2;238;255;255;49my[0m                      │                              ┃
┃       ╰───────────────────────────────────────╯                              ┃
┃                                                                              ┃
┗━━━━━━━━━━━━━━━━━━━━━━━━━━━━━━━━━━━━━━━━━━━━━━━━━━━━━━━━━━━━━━━━━━━━━━━━━━━━━━┛

┏━ /Users/pawlu/development/nbpreview/tests/unit/test_main.py ━━━━━━━━━━━━━━━━━┓
┃                                                                              ┃
┃  [38;5;178m/Users/pawlu/development/nbpreview/tests/unit/test_main.py is not a valid [0m  ┃
┃  [38;5;178mJupyter Notebook path.[0m                                                      ┃
┃                                                                              ┃
┗━━━━━━━━━━━━━━━━━━━━━━━━━━━━━━━━━━━━━━━━━━━━━━━━━━━━━━━━━━━━━━━━━━━━━━━━━━━━━━┛

