     â•­â”€â”€â”€â”€â”€â”€â”€â”€â”€â”€â”€â”€â”€â”€â•®
[38;5;247m[3]:[0m â”‚ [38;2;137;221;255;49m%%[0m[38;2;187;128;179;49mbash[0m       â”‚
     â”‚ [38;2;130;170;255;49mecho[0m[38;2;238;255;255;49m [0m[38;2;195;232;141;49m'lorep'[0m â”‚
     â•°â”€â”€â”€â”€â”€â”€â”€â”€â”€â”€â”€â”€â”€â”€â•¯
