                                                                                
  [1;33m â€¢ [0mItem 1                                                                     
  [1;33m â€¢ [0mItem 2                                                                     
  [1;33m   [0m[1;33m â€¢ [0mItem 3                                                                  
