-- tempfile --
┃                                                                              ┃
┃       ╭───────────────────────────────────────╮                              ┃
┃  [2]: │ def foo(x: float, y: float) -> float: │                              ┃
┃       │     return x + y                      │                              ┃
┃       ╰───────────────────────────────────────╯                              ┃
┃                                                                              ┃
┗━━━━━━━━━━━━━━━━━━━━━━━━━━━━━━━━━━━━━━━━━━━━━━━━━━━━━━━━━━━━━━━━━━━━━━━━━━━━━━┛

┏━ <stdin> ━━━━━━━━━━━━━━━━━━━━━━━━━━━━━━━━━━━━━━━━━━━━━━━━━━━━━━━━━━━━━━━━━━━━┓
┃                                                                              ┃
┃       ╭───────────────────────────────────────╮                              ┃
┃  [2]: │ def foo(x: float, y: float) -> float: │                              ┃
┃       │     return x + y                      │                              ┃
┃       ╰───────────────────────────────────────╯                              ┃
┃                                                                              ┃
┗━━━━━━━━━━━━━━━━━━━━━━━━━━━━━━━━━━━━━━━━━━━━━━━━━━━━━━━━━━━━━━━━━━━━━━━━━━━━━━┛

