Usage: main [OPTIONS] [FILE]...
Try 'main --help' for help.
╭─ Error ───────────