     â•­â”€â”€â”€â”€â”€â”€â”€â”€â”€â”€â”€â”€â”€â”€â”€â”€â”€â”€â”€â”€â”€â”€â”€â”€â”€â•®
[38;5;247m[3]:[0m â”‚                         â”‚
     â•°â”€â”€â”€â”€â”€â”€â”€â”€â”€â”€â”€â”€â”€â”€â”€â”€â”€â”€â”€â”€â”€â”€â”€â”€â”€â•¯
                                
      ]8;id=0; file://mock/path/to/file.txt\[94mï‚€ Click to view Vega chart[0m]8;;\
