     â•­â”€â”€â”€â”€â”€â”€â”€â”€â”€â”€â”€â”€â”€â”€â”€â”€â”€â”€â”€â”€â”€â”€â”€â”€â”€â”€â”€â”€â”€â”€â”€â”€â”€â”€â”€â”€â”€â”€â”€â”€â”€â”€â”€â•®
[38;5;247m[2]:[0m â”‚   [2m1 [0m[38;2;102;217;239;49mdef[0m[38;2;248;248;242;49m [0m[38;2;166;226;46;49mfoo[0m[38;2;248;248;242;49m([0m[38;2;248;248;242;49mx[0m[38;2;248;248;242;49m:[0m[38;2;248;248;242;49m [0m[38;2;248;248;242;49mfloat[0m[38;2;248;248;242;49m,[0m[38;2;248;248;242;49m [0m[38;2;248;248;242;49my[0m[38;2;248;248;242;49m:[0m[38;2;248;248;242;49m [0m[38;2;248;248;242;49mfloat[0m[38;2;248;248;242;49m)[0m[38;2;248;248;242;49m [0m[38;2;255;70;137;49m-[0m[38;2;255;70;137;49m>[0m[38;2;248;248;242;49m [0m[38;2;248;248;242;49mfloat[0m[38;2;248;248;242;49m:[0m â”‚
     â”‚   [2m2 [0m[38;2;248;248;242;49m    [0m[38;2;102;217;239;49mreturn[0m[38;2;248;248;242;49m [0m[38;2;248;248;242;49mx[0m[38;2;248;248;242;49m [0m[38;2;255;70;137;49m+[0m[38;2;248;248;242;49m [0m[38;2;248;248;242;49my[0m                      â”‚
     â•°â”€â”€â”€â”€â”€â”€â”€â”€â”€â”€â”€â”€â”€â”€â”€â”€â”€â”€â”€â”€â”€â”€â”€â”€â”€â”€â”€â”€â”€â”€â”€â”€â”€â”€â”€â”€â”€â”€â”€â”€â”€â”€â”€â•¯
