                                   [1mLorep ipsum[0m                                  
                                                                                
  [1mdolor[0m [3msit[0m [1;36;40mamet[0m                                                                
