  ┏━━━━━━━━━━━━━━━━━━━━━━━━━━━━━━━━━━━━━━━━━━━━━━━━━━━━━━━━━━━━━━━━━━━━━━━━━━━━┓
  ┃                                 [1mHeading 1[0m                                  ┃
  ┗━━━━━━━━━━━━━━━━━━━━━━━━━━━━━━━━━━━━━━━━━━━━━━━━━━━━━━━━━━━━━━━━━━━━━━━━━━━━┛
                                                                                
                                                                                
                                    [1;4mHeading 2[0m                                   
                                                                                
                                    [1mHeading 3[0m                                   
                                                                                
                                    [1;2mHeading 4[0m                                   
