  [48;2;38;50;56m                                                                              [0m
  [48;2;38;50;56m [0m[38;2;187;128;179;48;2;38;50;56mfor[0m[38;2;238;255;255;48;2;38;50;56m [0m[38;2;238;255;255;48;2;38;50;56mi[0m[38;2;238;255;255;48;2;38;50;56m [0m[3;38;2;137;221;255;48;2;38;50;56min[0m[38;2;238;255;255;48;2;38;50;56m [0m[38;2;130;170;255;48;2;38;50;56mrange[0m[38;2;137;221;255;48;2;38;50;56m([0m[38;2;247;140;108;48;2;38;50;56m20[0m[38;2;137;221;255;48;2;38;50;56m)[0m[38;2;137;221;255;48;2;38;50;56m:[0m[48;2;38;50;56m                                                         [0m[48;2;38;50;56m [0m
  [48;2;38;50;56m [0m[38;2;238;255;255;48;2;38;50;56m    [0m[38;2;130;170;255;48;2;38;50;56mprint[0m[38;2;137;221;255;48;2;38;50;56m([0m[38;2;238;255;255;48;2;38;50;56mi[0m[38;2;137;221;255;48;2;38;50;56m)[0m[48;2;38;50;56m                                                                [0m[48;2;38;50;56m [0m
  [48;2;38;50;56m                                                                              [0m
