  ┏━━━━━━━━━━━━━━━━━━━━━━━━━━━━━━━━━━━━━━━━━━━━━━━━━━━━━━━━━━━━━━━━━━━━━━━━━━━━┓
  ┃                                 [1mHey buddy[0m                                  ┃
  ┗━━━━━━━━━━━━━━━━━━━━━━━━━━━━━━━━━━━━━━━━━━━━━━━━━━━━━━━━━━━━━━━━━━━━━━━━━━━━┛
                                                                                
  [3mdid you hear the news?[0m                                                        
                                                                                
  [48;2;38;50;56m                                                                              [0m
  [48;2;38;50;56m [0m[38;2;187;128;179;48;2;38;50;56mfor[0m[38;2;238;255;255;48;2;38;50;56m [0m[38;2;238;255;255;48;2;38;50;56mi[0m[38;2;238;255;255;48;2;38;50;56m [0m[3;38;2;137;221;255;48;2;38;50;56min[0m[38;2;238;255;255;48;2;38;50;56m [0m[38;2;130;170;255;48;2;38;50;56mrange[0m[38;2;137;221;255;48;2;38;50;56m([0m[38;2;247;140;108;48;2;38;50;56m20[0m[38;2;137;221;255;48;2;38;50;56m)[0m[38;2;137;221;255;48;2;38;50;56m:[0m[48;2;38;50;56m                                                         [0m[48;2;38;50;56m [0m
  [48;2;38;50;56m [0m[38;2;238;255;255;48;2;38;50;56m   [0m[38;2;130;170;255;48;2;38;50;56mprint[0m[38;2;137;221;255;48;2;38;50;56m([0m[38;2;238;255;255;48;2;38;50;56mi[0m[38;2;137;221;255;48;2;38;50;56m)[0m[48;2;38;50;56m                                                                 [0m[48;2;38;50;56m [0m
  [48;2;38;50;56m                                                                              [0m
                                                                                
   [1maaa[0m                                     [1mbbbb [0m[1mccc[0m                             
  ──────────────────────────────────────────────────────────────────────────────
   111 [1m222[0m 333                             222                                  
   susu                                    lulu                                 
                                                                                
                                                                                
  [1;33m • [0mso there you are                                                           
  [1;33m • [0mwords                                                                      
                                                                                
   [1mddd[0m                                     [1;36;40meeee[0m[1m fff[0m                             
  ──────────────────────────────────────────────────────────────────────────────
                                                                                
                                                                                
                                                                                
                                                                                
  ──────────────────────────────────────────────────────────────────────────────
   sus                                     [3mspect[0m                                
                                                                                
  rak                                                                           
