   ‚îè
   ‚îó
    
  ‚ï≠‚ïÆ
[38;5;247m‚Ä¶[0m ‚ï∞‚ïØ
    
    
   [1;4m‚Ä¶[0m
    
   ‚Ä¶
   ‚Ä¶
   ‚Ä¶
   ‚Ä¶
   ‚Ä¶
   [3m‚Ä¶[0m
   ‚Ä¶
   ‚Ä¶
   ‚Ä¶
   ‚Ä¶
   ‚Ä¶
   ‚Ä¶
   ‚Ä¶
   ‚Ä¶
   ‚Ä¶
   ‚Ä¶
   ‚Ä¶
   ‚Ä¶
   ‚Ä¶
   ‚Ä¶
   ]8;id=0;https://github.com/paw-lu/nbpreview\[4;34m‚Ä¶[0m]8;;\
   ]8;id=0;https://github.com/paw-lu/nbpreview\[4;34m‚Ä¶[0m]8;;\
   ]8;id=0;https://github.com/paw-lu/nbpreview\[4;34m‚Ä¶[0m]8;;\
   ]8;id=0;https://github.com/paw-lu/nbpreview\[4;34m‚Ä¶[0m]8;;\
   ‚Ä¶
   ‚Ä¶
   ‚Ä¶
   ‚Ä¶
   ‚Ä¶
   ‚Ä¶
    
  ‚ï≠‚ïÆ
[38;5;247m‚Ä¶[0m ‚ï∞‚ïØ
    
[38;5;247m‚Ä¶[0m  ]8;id=0;file:///var/folders/bz/z8pmyyl5795bdncz1cl20qz00000gp/T/tmpnbpreview_link_file0.html\[94m‚Ä¶[0m]8;;\
   ]8;id=0;file:///var/folders/bz/z8pmyyl5795bdncz1cl20qz00000gp/T/tmpnbpreview_link_file0.html\[94m‚Ä¶[0m]8;;\
   ]8;id=0;file:///var/folders/bz/z8pmyyl5795bdncz1cl20qz00000gp/T/tmpnbpreview_link_file0.html\[94m‚Ä¶[0m]8;;\
   ]8;id=0;file:///var/folders/bz/z8pmyyl5795bdncz1cl20qz00000gp/T/tmpnbpreview_link_file0.html\[94m‚Ä¶[0m]8;;\
   ]8;id=0;file:///var/folders/bz/z8pmyyl5795bdncz1cl20qz00000gp/T/tmpnbpreview_link_file0.html\[94m‚Ä¶[0m]8;;\
    
[38;5;247m‚Ä¶[0m   
   ‚îÄ
    
    
    
    
    
    
  ‚ï≠‚ïÆ
[38;5;247m‚Ä¶[0m ‚ï∞‚ïØ
    
[38;5;247m‚Ä¶[0m  ‚Ä¶
   ‚Ä¶
   ‚Ä¶
   ‚Ä¶
   ‚Ä¶
   ‚Ä¶
   ‚Ä¶
   ‚Ä¶
    
   ]8;id=0;file:///var/folders/bz/z8pmyyl5795bdncz1cl20qz00000gp/T/tmpnbpreview_link_file1.png\[94müñº[0m]8;;\
   ]8;id=0;file:///var/folders/bz/z8pmyyl5795bdncz1cl20qz00000gp/T/tmpnbpreview_link_file1.png\[94m‚Ä¶[0m]8;;\
   ]8;id=0;file:///var/folders/bz/z8pmyyl5795bdncz1cl20qz00000gp/T/tmpnbpreview_link_file1.png\[94m‚Ä¶[0m]8;;\
   ]8;id=0;file:///var/folders/bz/z8pmyyl5795bdncz1cl20qz00000gp/T/tmpnbpreview_link_file1.png\[94m‚Ä¶[0m]8;;\
   ]8;id=0;file:///var/folders/bz/z8pmyyl5795bdncz1cl20qz00000gp/T/tmpnbpreview_link_file1.png\[94m‚Ä¶[0m]8;;\
    
   [38;2;187;134;252m‚Ä¶[0m
   [38;2;187;134;252m‚Ä¶[0m
   [38;2;187;134;252m‚Ä¶[0m
   [38;2;187;134;252m‚Ä¶[0m
   [38;2;187;134;252m2[0m
   [38;2;187;134;252m‚Ä¶[0m
