      ┏━━━━━━━━━━━━━━━━━━━━━━━━━━━━━━━━━━━━━━━━━━━━━━━━━━━━━━━━━━━━━━━━━━━━━━━━┓
      ┃                              [1mLorem ipsum[0m                               ┃
      ┗━━━━━━━━━━━━━━━━━━━━━━━━━━━━━━━━━━━━━━━━━━━━━━━━━━━━━━━━━━━━━━━━━━━━━━━━┛
                                                                                
     ╭─────────────────────────────────────────────────────────────────────────╮
[38;5;247m[1]:[0m │ [3;38;2;137;221;255;49mimport[0m[38;2;238;255;255;49m [0m[38;2;255;203;107;49mmatplotlib[0m[38;2;255;203;107;49m.[0m[38;2;255;203;107;49mpyplot[0m[38;2;238;255;255;49m [0m[38;2;187;128;179;49mas[0m[38;2;238;255;255;49m [0m[38;2;255;203;107;49mplt[0m                                         │
     │ [3;38;2;137;221;255;49mimport[0m[38;2;238;255;255;49m [0m[38;2;255;203;107;49mseaborn[0m[38;2;238;255;255;49m [0m[38;2;187;128;179;49mas[0m[38;2;238;255;255;49m [0m[38;2;255;203;107;49msns[0m                                                   │
     ╰─────────────────────────────────────────────────────────────────────────╯
                                                                                
                                                                                
                                     [1;4mCondimentum[0m                                
                                                                                
      Lorem ipsum dolor sit amet, [3mconsectetur[0m adipiscing elit, sed do eiusmod   
      tempor incididunt ut labore et dolore magna aliqua. Sunt ]8;id=0;https://github.com/paw-lu/nbpreview\[4;34min culpa qui [0m]8;;\    
      ]8;id=0;https://github.com/paw-lu/nbpreview\[4;34mofficia[0m]8;;\ deserunt mollit anim id est laborum.                              
                                                                                
     ╭─────────────────────────────────────────────────────────────────────────╮
[38;5;247m[2]:[0m │ [38;2;238;255;255;49mfmri[0m[38;2;238;255;255;49m [0m[38;2;137;221;255;49m=[0m[38;2;238;255;255;49m [0m[38;2;238;255;255;49msns[0m[38;2;137;221;255;49m.[0m[38;2;238;255;255;49mload_dataset[0m[38;2;137;221;255;49m([0m[38;2;195;232;141;49m"[0m[38;2;195;232;141;49mfmri[0m[38;2;195;232;141;49m"[0m[38;2;137;221;255;49m)[0m                                         │
     │ [38;2;238;255;255;49mtips[0m[38;2;238;255;255;49m [0m[38;2;137;221;255;49m=[0m[38;2;238;255;255;49m [0m[38;2;238;255;255;49msns[0m[38;2;137;221;255;49m.[0m[38;2;238;255;255;49mload_dataset[0m[38;2;137;221;255;49m([0m[38;2;195;232;141;49m"[0m[38;2;195;232;141;49mtips[0m[38;2;195;232;141;49m"[0m[38;2;137;221;255;49m)[0m                                         │
     │ [38;2;238;255;255;49mfmri[0m[38;2;137;221;255;49m.[0m[38;2;238;255;255;49mhead[0m[38;2;137;221;255;49m([0m[38;2;137;221;255;49m)[0m                                                             │
     ╰─────────────────────────────────────────────────────────────────────────╯
                                                                                
[38;5;247m[2]:[0m  ]8;id=0;file:///var/folders/bz/z8pmyyl5795bdncz1cl20qz00000gp/T/tmpnbpreview_link_file0.html\[94m🌐 Click to view HTML[0m]8;;\                                                     
                                                                                
[38;5;247m[2]:[0m   [1m [0m   [1msubject[0m   [1mtimepoint[0m   [1mevent[0m   [1m  region[0m   [1m   signal[0m                   
      ────────────────────────────────────────────────────────                  
       [1m0[0m       s13          18    stim   parietal   -0.017552                   
       [1m1[0m        s5          14    stim   parietal   -0.080883                   
       [1m2[0m       s12          18    stim   parietal   -0.081033                   
       [1m3[0m       s11          18    stim   parietal   -0.046134                   
       [1m4[0m       s10          18    stim   parietal   -0.037970                   
                                                                                
     ╭─────────────────────────────────────────────────────────────────────────╮
[38;5;247m[3]:[0m │ [38;2;238;255;255;49m_[0m[38;2;137;221;255;49m,[0m[38;2;238;255;255;49m [0m[38;2;137;221;255;49m([0m[38;2;238;255;255;49max_line[0m[38;2;137;221;255;49m,[0m[38;2;238;255;255;49m [0m[38;2;238;255;255;49max_box[0m[38;2;137;221;255;49m)[0m[38;2;238;255;255;49m [0m[38;2;137;221;255;49m=[0m[38;2;238;255;255;49m [0m[38;2;238;255;255;49mplt[0m[38;2;137;221;255;49m.[0m[38;2;238;255;255;49msubplots[0m[38;2;137;221;255;49m([0m[38;2;238;255;255;49mncols[0m[38;2;137;221;255;49m=[0m[38;2;247;140;108;49m2[0m[38;2;137;221;255;49m,[0m[38;2;238;255;255;49m [0m[38;2;238;255;255;49mfacecolor[0m[38;2;137;221;255;49m=[0m[38;2;195;232;141;49m"[0m[38;2;195;232;141;49m#1C1B1F[0m[38;2;195;232;141;49m"[0m[38;2;137;221;255;49m,[0m[38;2;238;255;255;49m [0m[38;2;238;255;255;49mfigs…[0m │
     │ [38;2;137;221;255;49m([0m                                                                       │
     │ [38;2;238;255;255;49m    [0m[38;2;238;255;255;49mfmri[0m[38;2;137;221;255;49m.[0m[38;2;238;255;255;49mpipe[0m[38;2;137;221;255;49m([0m                                                          │
     │ [38;2;238;255;255;49m        [0m[38;2;137;221;255;49m([0m[38;2;238;255;255;49msns[0m[38;2;137;221;255;49m.[0m[38;2;238;255;255;49mlineplot[0m[38;2;137;221;255;49m,[0m[38;2;238;255;255;49m [0m[38;2;195;232;141;49m"[0m[38;2;195;232;141;49mdata[0m[38;2;195;232;141;49m"[0m[38;2;137;221;255;49m)[0m[38;2;137;221;255;49m,[0m                                         │
     │ [38;2;238;255;255;49m        [0m[38;2;238;255;255;49mx[0m[38;2;137;221;255;49m=[0m[38;2;195;232;141;49m"[0m[38;2;195;232;141;49mtimepoint[0m[38;2;195;232;141;49m"[0m[38;2;137;221;255;49m,[0m                                                  │
     │ [38;2;238;255;255;49m        [0m[38;2;238;255;255;49my[0m[38;2;137;221;255;49m=[0m[38;2;195;232;141;49m"[0m[38;2;195;232;141;49msignal[0m[38;2;195;232;141;49m"[0m[38;2;137;221;255;49m,[0m                                                     │
     │ [38;2;238;255;255;49m        [0m[38;2;238;255;255;49mhue[0m[38;2;137;221;255;49m=[0m[38;2;195;232;141;49m"[0m[38;2;195;232;141;49mevent[0m[38;2;195;232;141;49m"[0m[38;2;137;221;255;49m,[0m                                                    │
     │ [38;2;238;255;255;49m        [0m[38;2;238;255;255;49max[0m[38;2;137;221;255;49m=[0m[38;2;238;255;255;49max_line[0m[38;2;137;221;255;49m,[0m                                                     │
     │ [38;2;238;255;255;49m        [0m[38;2;238;255;255;49merr_kws[0m[38;2;137;221;255;49m=[0m[38;2;137;221;255;49m{[0m[38;2;195;232;141;49m"[0m[38;2;195;232;141;49malpha[0m[38;2;195;232;141;49m"[0m[38;2;137;221;255;49m:[0m[38;2;238;255;255;49m [0m[38;2;247;140;108;49m1[0m[38;2;137;221;255;49m}[0m[38;2;137;221;255;49m,[0m                                           │
     │ [38;2;238;255;255;49m    [0m[38;2;137;221;255;49m)[0m[38;2;137;221;255;49m.[0m[38;2;238;255;255;49mset[0m[38;2;137;221;255;49m([0m                                                              │
     │ [38;2;238;255;255;49m        [0m[38;2;238;255;255;49mxlabel[0m[38;2;137;221;255;49m=[0m[38;2;137;221;255;49mNone[0m[38;2;137;221;255;49m,[0m                                                    │
     │ [38;2;238;255;255;49m        [0m[38;2;238;255;255;49mylabel[0m[38;2;137;221;255;49m=[0m[38;2;137;221;255;49mNone[0m[38;2;137;221;255;49m,[0m                                                    │
     │ [38;2;238;255;255;49m        [0m[38;2;238;255;255;49myticks[0m[38;2;137;221;255;49m=[0m[38;2;137;221;255;49m[[0m[38;2;137;221;255;49m][0m[38;2;137;221;255;49m,[0m                                                      │
     │ [38;2;238;255;255;49m        [0m[38;2;238;255;255;49mxticks[0m[38;2;137;221;255;49m=[0m[38;2;137;221;255;49m[[0m[38;2;137;221;255;49m][0m[38;2;137;221;255;49m,[0m                                                      │
     │ [38;2;238;255;255;49m    [0m[38;2;137;221;255;49m)[0m                                                                   │
     │ [38;2;137;221;255;49m)[0m                                                                       │
     │                                                                         │
     │ [38;2;137;221;255;49m([0m                                                                       │
     │ [38;2;238;255;255;49m    [0m[38;2;238;255;255;49mtips[0m[38;2;137;221;255;49m.[0m[38;2;238;255;255;49mpipe[0m[38;2;137;221;255;49m([0m                                                          │
     │ [38;2;238;255;255;49m        [0m[38;2;137;221;255;49m([0m[38;2;238;255;255;49msns[0m[38;2;137;221;255;49m.[0m[38;2;238;255;255;49mboxplot[0m[38;2;137;221;255;49m,[0m[38;2;238;255;255;49m [0m[38;2;195;232;141;49m"[0m[38;2;195;232;141;49mdata[0m[38;2;195;232;141;49m"[0m[38;2;137;221;255;49m)[0m[38;2;137;221;255;49m,[0m                                          │
     │ [38;2;238;255;255;49m        [0m[38;2;238;255;255;49mx[0m[38;2;137;221;255;49m=[0m[38;2;195;232;141;49m"[0m[38;2;195;232;141;49mday[0m[38;2;195;232;141;49m"[0m[38;2;137;221;255;49m,[0m                                                        │
     │ [38;2;238;255;255;49m        [0m[38;2;238;255;255;49my[0m[38;2;137;221;255;49m=[0m[38;2;195;232;141;49m"[0m[38;2;195;232;141;49mtotal_bill[0m[38;2;195;232;141;49m"[0m[38;2;137;221;255;49m,[0m                                                 │
     │ [38;2;238;255;255;49m        [0m[38;2;238;255;255;49mhue[0m[38;2;137;221;255;49m=[0m[38;2;195;232;141;49m"[0m[38;2;195;232;141;49msmoker[0m[38;2;195;232;141;49m"[0m[38;2;137;221;255;49m,[0m                                                   │
     │ [38;2;238;255;255;49m        [0m[38;2;238;255;255;49max[0m[38;2;137;221;255;49m=[0m[38;2;238;255;255;49max_box[0m[38;2;137;221;255;49m,[0m                                                      │
     │ [38;2;238;255;255;49m    [0m[38;2;137;221;255;49m)[0m[38;2;137;221;255;49m.[0m[38;2;238;255;255;49mset[0m[38;2;137;221;255;49m([0m                                                              │
     │ [38;2;238;255;255;49m        [0m[38;2;238;255;255;49mxlabel[0m[38;2;137;221;255;49m=[0m[38;2;137;221;255;49mNone[0m[38;2;137;221;255;49m,[0m                                                    │
     │ [38;2;238;255;255;49m        [0m[38;2;238;255;255;49mylabel[0m[38;2;137;221;255;49m=[0m[38;2;137;221;255;49mNone[0m[38;2;137;221;255;49m,[0m                                                    │
     │ [38;2;238;255;255;49m        [0m[38;2;238;255;255;49myticks[0m[38;2;137;221;255;49m=[0m[38;2;137;221;255;49m[[0m[38;2;137;221;255;49m][0m[38;2;137;221;255;49m,[0m                                                      │
     │ [38;2;238;255;255;49m        [0m[38;2;238;255;255;49mxticks[0m[38;2;137;221;255;49m=[0m[38;2;137;221;255;49m[[0m[38;2;137;221;255;49m][0m[38;2;137;221;255;49m,[0m                                                      │
     │ [38;2;238;255;255;49m    [0m[38;2;137;221;255;49m)[0m                                                                   │
     │ [38;2;137;221;255;49m)[0m                                                                       │
     ╰─────────────────────────────────────────────────────────────────────────╯
                                                                                
[38;5;247m[3]:[0m  [Text(0.5, 0, ''), Text(0, 0.5, ''), [], []]                              
                                                                                
      ]8;id=0;file:///var/folders/bz/z8pmyyl5795bdncz1cl20qz00000gp/T/tmpnbpreview_link_file1.png\[94m🖼 Click to view Image[0m]8;;\                                                     
                                                                                
      [38;2;28;27;31m:[0m[38;2;28;27;31m:[0m[38;2;28;27;31m:[0m[38;2;28;27;31m:[0m[38;2;28;27;31m:[0m[38;2;28;27;31m:[0m[38;2;28;27;31m:[0m[38;2;28;27;31m:[0m[38;2;28;27;31m:[0m[38;2;28;27;31m:[0m[38;2;28;27;31m:[0m[38;2;28;27;31m:[0m[38;2;28;27;31m:[0m[38;2;28;27;31m:[0m[38;2;28;27;31m:[0m[38;2;28;27;31m:[0m[38;2;28;27;31m:[0m[38;2;28;27;31m:[0m[38;2;28;27;31m:[0m[38;2;28;27;31m:[0m[38;2;28;27;31m:[0m[38;2;28;27;31m:[0m[38;2;28;27;31m:[0m[38;2;28;27;31m:[0m[38;2;28;27;31m:[0m[38;2;28;27;31m:[0m[38;2;28;27;31m:[0m[38;2;28;27;31m:[0m[38;2;28;27;31m:[0m[38;2;28;27;31m:[0m[38;2;28;27;31m:[0m[38;2;28;27;31m:[0m[38;2;28;27;31m:[0m[38;2;28;27;31m:[0m[38;2;28;27;31m:[0m[38;2;28;27;31m:[0m[38;2;28;27;31m:[0m[38;2;28;27;31m:[0m[38;2;28;27;31m:[0m[38;2;28;27;31m:[0m[38;2;28;27;31m:[0m[38;2;28;27;31m:[0m[38;2;28;27;31m:[0m[38;2;28;27;31m:[0m[38;2;28;27;31m:[0m[38;2;28;27;31m:[0m[38;2;28;27;31m:[0m[38;2;28;27;31m:[0m[38;2;28;27;31m:[0m[38;2;28;27;31m:[0m[38;2;28;27;31m:[0m[38;2;28;27;31m:[0m[38;2;28;27;31m:[0m[38;2;28;27;31m:[0m[38;2;28;27;31m:[0m[38;2;28;27;31m:[0m[38;2;28;27;31m:[0m[38;2;28;27;31m:[0m[38;2;28;27;31m:[0m[38;2;28;27;31m:[0m[38;2;28;27;31m:[0m[38;2;28;27;31m:[0m[38;2;28;27;31m:[0m[38;2;28;27;31m:[0m[38;2;28;27;31m:[0m[38;2;28;27;31m:[0m[38;2;28;27;31m:[0m[38;2;28;27;31m:[0m[38;2;28;27;31m:[0m[38;2;28;27;31m:[0m[38;2;28;27;31m:[0m[38;2;28;27;31m:[0m[38;2;28;27;31m:[0m[38;2;28;27;31m:[0m
      [38;2;28;27;31m:[0m[38;2;28;27;31m:[0m[38;2;28;27;31m:[0m[38;2;28;27;31m:[0m[38;2;28;27;31m:[0m[38;2;28;27;31m:[0m[38;2;28;27;31m:[0m[38;2;28;27;31m:[0m[38;2;28;27;31m:[0m[38;2;28;27;31m:[0m[38;2;208;188;255mG[0m[38;2;208;188;255mG[0m[38;2;208;188;255mG[0m[38;2;28;27;31m:[0m[38;2;28;27;31m:[0m[38;2;28;27;31m:[0m[38;2;28;27;31m:[0m[38;2;28;27;31m:[0m[38;2;28;27;31m:[0m[38;2;28;27;31m:[0m[38;2;28;27;31m:[0m[38;2;28;27;31m:[0m[38;2;28;27;31m:[0m[38;2;28;27;31m:[0m[38;2;28;27;31m:[0m[38;2;28;27;31m:[0m[38;2;28;27;31m:[0m[38;2;28;27;31m:[0m[38;2;28;27;31m:[0m[38;2;28;27;31m:[0m[38;2;28;27;31m:[0m[38;2;28;27;31m:[0m[38;2;28;27;31m:[0m[38;2;28;27;31m:[0m[38;2;28;27;31m:[0m[38;2;28;27;31m:[0m[38;2;28;27;31m:[0m[38;2;28;27;31m:[0m[38;2;28;27;31m:[0m[38;2;28;27;31m:[0m[38;2;28;27;31m:[0m[38;2;28;27;31m:[0m[38;2;28;27;31m:[0m[38;2;28;27;31m:[0m[38;2;28;27;31m:[0m[38;2;28;27;31m:[0m[38;2;28;27;31m:[0m[38;2;28;27;31m:[0m[38;2;28;27;31m:[0m[38;2;28;27;31m:[0m[38;2;28;27;31m:[0m[38;2;28;27;31m:[0m[38;2;28;27;31m:[0m[38;2;28;27;31m:[0m[38;2;28;27;31m:[0m[38;2;28;27;31m:[0m[38;2;28;27;31m:[0m[38;2;28;27;31m:[0m[38;2;28;27;31m:[0m[38;2;28;27;31m:[0m[38;2;28;27;31m:[0m[38;2;28;27;31m:[0m[38;2;28;27;31m:[0m[38;2;28;27;31m:[0m[38;2;28;27;31m:[0m[38;2;28;27;31m:[0m[38;2;28;27;31m:[0m[38;2;28;27;31m:[0m[38;2;28;27;31m:[0m[38;2;28;27;31m:[0m[38;2;28;27;31m:[0m[38;2;28;27;31m:[0m[38;2;28;27;31m:[0m[38;2;28;27;31m:[0m
      [38;2;28;27;31m:[0m[38;2;28;27;31m:[0m[38;2;28;27;31m:[0m[38;2;28;27;31m:[0m[38;2;28;27;31m:[0m[38;2;28;27;31m:[0m[38;2;28;27;31m:[0m[38;2;28;27;31m:[0m[38;2;28;27;31m:[0m[38;2;208;188;255mG[0m[38;2;208;188;255mG[0m[38;2;208;188;255mG[0m[38;2;208;188;255mG[0m[38;2;208;188;255mG[0m[38;2;28;27;31m:[0m[38;2;28;27;31m:[0m[38;2;28;27;31m:[0m[38;2;28;27;31m:[0m[38;2;28;27;31m:[0m[38;2;28;27;31m:[0m[38;2;28;27;31m:[0m[38;2;28;27;31m:[0m[38;2;28;27;31m:[0m[38;2;28;27;31m:[0m[38;2;28;27;31m:[0m[38;2;28;27;31m:[0m[38;2;28;27;31m:[0m[38;2;28;27;31m:[0m[38;2;28;27;31m:[0m[38;2;28;27;31m:[0m[38;2;28;27;31m:[0m[38;2;28;27;31m:[0m[38;2;28;27;31m:[0m[38;2;28;27;31m:[0m[38;2;28;27;31m:[0m[38;2;28;27;31m:[0m[38;2;28;27;31m:[0m[38;2;28;27;31m:[0m[38;2;28;27;31m:[0m[38;2;28;27;31m:[0m[38;2;28;27;31m:[0m[38;2;28;27;31m:[0m[38;2;28;27;31m:[0m[38;2;28;27;31m:[0m[38;2;28;27;31m:[0m[38;2;28;27;31m:[0m[38;2;28;27;31m:[0m[38;2;28;27;31m:[0m[38;2;28;27;31m:[0m[38;2;28;27;31m:[0m[38;2;28;27;31m:[0m[38;2;28;27;31m:[0m[38;2;28;27;31m:[0m[38;2;28;27;31m:[0m[38;2;28;27;31m:[0m[38;2;28;27;31m:[0m[38;2;28;27;31m:[0m[38;2;28;27;31m:[0m[38;2;28;27;31m:[0m[38;2;99;99;99m![0m[38;2;28;27;31m:[0m[38;2;28;27;31m:[0m[38;2;28;27;31m:[0m[38;2;28;27;31m:[0m[38;2;28;27;31m:[0m[38;2;28;27;31m:[0m[38;2;28;27;31m:[0m[38;2;28;27;31m:[0m[38;2;28;27;31m:[0m[38;2;28;27;31m:[0m[38;2;28;27;31m:[0m[38;2;28;27;31m:[0m[38;2;28;27;31m:[0m[38;2;28;27;31m:[0m
      [38;2;28;27;31m:[0m[38;2;28;27;31m:[0m[38;2;28;27;31m:[0m[38;2;28;27;31m:[0m[38;2;28;27;31m:[0m[38;2;28;27;31m:[0m[38;2;28;27;31m:[0m[38;2;28;27;31m:[0m[38;2;28;27;31m:[0m[38;2;208;188;255mG[0m[38;2;28;27;31m:[0m[38;2;28;27;31m:[0m[38;2;208;188;255mG[0m[38;2;208;188;255mG[0m[38;2;28;27;31m:[0m[38;2;28;27;31m:[0m[38;2;28;27;31m:[0m[38;2;28;27;31m:[0m[38;2;28;27;31m:[0m[38;2;28;27;31m:[0m[38;2;28;27;31m:[0m[38;2;28;27;31m:[0m[38;2;28;27;31m:[0m[38;2;28;27;31m:[0m[38;2;28;27;31m:[0m[38;2;28;27;31m:[0m[38;2;28;27;31m:[0m[38;2;28;27;31m:[0m[38;2;28;27;31m:[0m[38;2;28;27;31m:[0m[38;2;28;27;31m:[0m[38;2;28;27;31m:[0m[38;2;28;27;31m:[0m[38;2;28;27;31m:[0m[38;2;28;27;31m:[0m[38;2;28;27;31m:[0m[38;2;28;27;31m:[0m[38;2;28;27;31m:[0m[38;2;28;27;31m:[0m[38;2;28;27;31m:[0m[38;2;28;27;31m:[0m[38;2;28;27;31m:[0m[38;2;28;27;31m:[0m[38;2;28;27;31m:[0m[38;2;28;27;31m:[0m[38;2;28;27;31m:[0m[38;2;28;27;31m:[0m[38;2;28;27;31m:[0m[38;2;28;27;31m:[0m[38;2;28;27;31m:[0m[38;2;28;27;31m:[0m[38;2;28;27;31m:[0m[38;2;28;27;31m:[0m[38;2;28;27;31m:[0m[38;2;28;27;31m:[0m[38;2;28;27;31m:[0m[38;2;28;27;31m:[0m[38;2;28;27;31m:[0m[38;2;28;27;31m:[0m[38;2;99;99;99m![0m[38;2;28;27;31m:[0m[38;2;28;27;31m:[0m[38;2;28;27;31m:[0m[38;2;28;27;31m:[0m[38;2;28;27;31m:[0m[38;2;28;27;31m:[0m[38;2;28;27;31m:[0m[38;2;28;27;31m:[0m[38;2;28;27;31m:[0m[38;2;28;27;31m:[0m[38;2;28;27;31m:[0m[38;2;28;27;31m:[0m[38;2;28;27;31m:[0m[38;2;28;27;31m:[0m
      [38;2;28;27;31m:[0m[38;2;28;27;31m:[0m[38;2;28;27;31m:[0m[38;2;28;27;31m:[0m[38;2;28;27;31m:[0m[38;2;28;27;31m:[0m[38;2;28;27;31m:[0m[38;2;28;27;31m:[0m[38;2;208;188;255mG[0m[38;2;28;27;31m:[0m[38;2;28;27;31m:[0m[38;2;28;27;31m:[0m[38;2;28;27;31m:[0m[38;2;208;188;255mG[0m[38;2;208;188;255mG[0m[38;2;28;27;31m:[0m[38;2;28;27;31m:[0m[38;2;28;27;31m:[0m[38;2;28;27;31m:[0m[38;2;28;27;31m:[0m[38;2;28;27;31m:[0m[38;2;28;27;31m:[0m[38;2;28;27;31m:[0m[38;2;28;27;31m:[0m[38;2;28;27;31m:[0m[38;2;28;27;31m:[0m[38;2;28;27;31m:[0m[38;2;28;27;31m:[0m[38;2;28;27;31m:[0m[38;2;28;27;31m:[0m[38;2;28;27;31m:[0m[38;2;28;27;31m:[0m[38;2;28;27;31m:[0m[38;2;28;27;31m:[0m[38;2;28;27;31m:[0m[38;2;28;27;31m:[0m[38;2;28;27;31m:[0m[38;2;28;27;31m:[0m[38;2;28;27;31m:[0m[38;2;28;27;31m:[0m[38;2;28;27;31m:[0m[38;2;28;27;31m:[0m[38;2;28;27;31m:[0m[38;2;28;27;31m:[0m[38;2;28;27;31m:[0m[38;2;28;27;31m:[0m[38;2;28;27;31m:[0m[38;2;28;27;31m:[0m[38;2;28;27;31m:[0m[38;2;28;27;31m:[0m[38;2;28;27;31m:[0m[38;2;28;27;31m:[0m[38;2;28;27;31m:[0m[38;2;28;27;31m:[0m[38;2;28;27;31m:[0m[38;2;28;27;31m:[0m[38;2;28;27;31m:[0m[38;2;28;27;31m:[0m[38;2;28;27;31m:[0m[38;2;99;99;99m![0m[38;2;28;27;31m:[0m[38;2;28;27;31m:[0m[38;2;28;27;31m:[0m[38;2;28;27;31m:[0m[38;2;28;27;31m:[0m[38;2;28;27;31m:[0m[38;2;28;27;31m:[0m[38;2;28;27;31m:[0m[38;2;28;27;31m:[0m[38;2;28;27;31m:[0m[38;2;28;27;31m:[0m[38;2;28;27;31m:[0m[38;2;28;27;31m:[0m[38;2;28;27;31m:[0m
      [38;2;28;27;31m:[0m[38;2;28;27;31m:[0m[38;2;28;27;31m:[0m[38;2;28;27;31m:[0m[38;2;28;27;31m:[0m[38;2;28;27;31m:[0m[38;2;28;27;31m:[0m[38;2;190;172;232mP[0m[38;2;208;188;255mG[0m[38;2;28;27;31m:[0m[38;2;28;27;31m:[0m[38;2;28;27;31m:[0m[38;2;28;27;31m:[0m[38;2;28;27;31m:[0m[38;2;208;188;255mG[0m[38;2;208;188;255mG[0m[38;2;28;27;31m:[0m[38;2;28;27;31m:[0m[38;2;28;27;31m:[0m[38;2;28;27;31m:[0m[38;2;28;27;31m:[0m[38;2;28;27;31m:[0m[38;2;28;27;31m:[0m[38;2;28;27;31m:[0m[38;2;28;27;31m:[0m[38;2;28;27;31m:[0m[38;2;28;27;31m:[0m[38;2;28;27;31m:[0m[38;2;28;27;31m:[0m[38;2;28;27;31m:[0m[38;2;28;27;31m:[0m[38;2;28;27;31m:[0m[38;2;28;27;31m:[0m[38;2;28;27;31m:[0m[38;2;28;27;31m:[0m[38;2;28;27;31m:[0m[38;2;28;27;31m:[0m[38;2;28;27;31m:[0m[38;2;28;27;31m:[0m[38;2;28;27;31m:[0m[38;2;28;27;31m:[0m[38;2;28;27;31m:[0m[38;2;28;27;31m:[0m[38;2;28;27;31m:[0m[38;2;28;27;31m:[0m[38;2;28;27;31m:[0m[38;2;28;27;31m:[0m[38;2;28;27;31m:[0m[38;2;28;27;31m:[0m[38;2;28;27;31m:[0m[38;2;28;27;31m:[0m[38;2;28;27;31m:[0m[38;2;28;27;31m:[0m[38;2;28;27;31m:[0m[38;2;28;27;31m:[0m[38;2;28;27;31m:[0m[38;2;28;27;31m:[0m[38;2;28;27;31m:[0m[38;2;28;27;31m:[0m[38;2;99;99;99m![0m[38;2;28;27;31m:[0m[38;2;28;27;31m:[0m[38;2;28;27;31m:[0m[38;2;28;27;31m:[0m[38;2;28;27;31m:[0m[38;2;28;27;31m:[0m[38;2;211;196;247mG[0m[38;2;211;196;247mG[0m[38;2;211;196;247mG[0m[38;2;28;27;31m:[0m[38;2;28;27;31m:[0m[38;2;28;27;31m:[0m[38;2;28;27;31m:[0m[38;2;28;27;31m:[0m
      [38;2;28;27;31m:[0m[38;2;28;27;31m:[0m[38;2;28;27;31m:[0m[38;2;28;27;31m:[0m[38;2;28;27;31m:[0m[38;2;28;27;31m:[0m[38;2;28;27;31m:[0m[38;2;208;188;255mG[0m[38;2;112;219;168mP[0m[38;2;112;219;168mP[0m[38;2;112;219;168mP[0m[38;2;28;27;31m:[0m[38;2;28;27;31m:[0m[38;2;28;27;31m:[0m[38;2;28;27;31m:[0m[38;2;208;188;255mG[0m[38;2;28;27;31m:[0m[38;2;28;27;31m:[0m[38;2;28;27;31m:[0m[38;2;28;27;31m:[0m[38;2;28;27;31m:[0m[38;2;28;27;31m:[0m[38;2;28;27;31m:[0m[38;2;28;27;31m:[0m[38;2;28;27;31m:[0m[38;2;28;27;31m:[0m[38;2;28;27;31m:[0m[38;2;28;27;31m:[0m[38;2;28;27;31m:[0m[38;2;28;27;31m:[0m[38;2;28;27;31m:[0m[38;2;28;27;31m:[0m[38;2;28;27;31m:[0m[38;2;28;27;31m:[0m[38;2;28;27;31m:[0m[38;2;28;27;31m:[0m[38;2;28;27;31m:[0m[38;2;28;27;31m:[0m[38;2;28;27;31m:[0m[38;2;28;27;31m:[0m[38;2;28;27;31m:[0m[38;2;28;27;31m:[0m[38;2;28;27;31m:[0m[38;2;28;27;31m:[0m[38;2;28;27;31m:[0m[38;2;28;27;31m:[0m[38;2;28;27;31m:[0m[38;2;28;27;31m:[0m[38;2;28;27;31m:[0m[38;2;28;27;31m:[0m[38;2;28;27;31m:[0m[38;2;28;27;31m:[0m[38;2;28;27;31m:[0m[38;2;28;27;31m:[0m[38;2;28;27;31m:[0m[38;2;28;27;31m:[0m[38;2;28;27;31m:[0m[38;2;28;27;31m:[0m[38;2;211;196;247mG[0m[38;2;211;196;247mG[0m[38;2;211;196;247mG[0m[38;2;28;27;31m:[0m[38;2;28;27;31m:[0m[38;2;28;27;31m:[0m[38;2;28;27;31m:[0m[38;2;28;27;31m:[0m[38;2;211;196;247mG[0m[38;2;211;196;247mG[0m[38;2;211;196;247mG[0m[38;2;105;125;115m?[0m[38;2;125;206;167mP[0m[38;2;125;206;167mP[0m[38;2;125;206;167mP[0m[38;2;28;27;31m:[0m
      [38;2;28;27;31m:[0m[38;2;28;27;31m:[0m[38;2;28;27;31m:[0m[38;2;28;27;31m:[0m[38;2;28;27;31m:[0m[38;2;28;27;31m:[0m[38;2;208;188;255mG[0m[38;2;112;219;168mP[0m[38;2;112;219;168mP[0m[38;2;28;27;31m:[0m[38;2;28;27;31m:[0m[38;2;112;219;168mP[0m[38;2;112;219;168mP[0m[38;2;28;27;31m:[0m[38;2;28;27;31m:[0m[38;2;28;27;31m:[0m[38;2;208;188;255mG[0m[38;2;28;27;31m:[0m[38;2;28;27;31m:[0m[38;2;28;27;31m:[0m[38;2;28;27;31m:[0m[38;2;28;27;31m:[0m[38;2;28;27;31m:[0m[38;2;28;27;31m:[0m[38;2;28;27;31m:[0m[38;2;28;27;31m:[0m[38;2;28;27;31m:[0m[38;2;28;27;31m:[0m[38;2;28;27;31m:[0m[38;2;28;27;31m:[0m[38;2;28;27;31m:[0m[38;2;28;27;31m:[0m[38;2;28;27;31m:[0m[38;2;28;27;31m:[0m[38;2;28;27;31m:[0m[38;2;28;27;31m:[0m[38;2;28;27;31m:[0m[38;2;28;27;31m:[0m[38;2;28;27;31m:[0m[38;2;28;27;31m:[0m[38;2;28;27;31m:[0m[38;2;28;27;31m:[0m[38;2;28;27;31m:[0m[38;2;28;27;31m:[0m[38;2;81;81;82m![0m[38;2;105;125;115m?[0m[38;2;105;125;115m?[0m[38;2;105;125;115m?[0m[38;2;28;27;31m:[0m[38;2;28;27;31m:[0m[38;2;28;27;31m:[0m[38;2;28;27;31m:[0m[38;2;28;27;31m:[0m[38;2;125;206;167mP[0m[38;2;125;206;167mP[0m[38;2;125;206;167mP[0m[38;2;28;27;31m:[0m[38;2;28;27;31m:[0m[38;2;211;196;247mG[0m[38;2;211;196;247mG[0m[38;2;211;196;247mG[0m[38;2;125;206;167mP[0m[38;2;125;206;167mP[0m[38;2;125;206;167mP[0m[38;2;81;81;82m![0m[38;2;28;27;31m:[0m[38;2;211;196;247mG[0m[38;2;211;196;247mG[0m[38;2;211;196;247mG[0m[38;2;105;125;115m?[0m[38;2;125;206;167mP[0m[38;2;125;206;167mP[0m[38;2;125;206;167mP[0m[38;2;28;27;31m:[0m
      [38;2;28;27;31m:[0m[38;2;28;27;31m:[0m[38;2;208;188;255mG[0m[38;2;28;27;31m:[0m[38;2;112;219;168mP[0m[38;2;112;219;168mP[0m[38;2;28;27;31m:[0m[38;2;28;27;31m:[0m[38;2;28;27;31m:[0m[38;2;28;27;31m:[0m[38;2;28;27;31m:[0m[38;2;28;27;31m:[0m[38;2;28;27;31m:[0m[38;2;112;219;168mP[0m[38;2;28;27;31m:[0m[38;2;28;27;31m:[0m[38;2;208;188;255mG[0m[38;2;208;188;255mG[0m[38;2;28;27;31m:[0m[38;2;28;27;31m:[0m[38;2;28;27;31m:[0m[38;2;87;163;128m?[0m[38;2;112;219;168mP[0m[38;2;112;219;168mP[0m[38;2;112;219;168mP[0m[38;2;112;219;168mP[0m[38;2;112;219;168mP[0m[38;2;112;219;168mP[0m[38;2;112;219;168mP[0m[38;2;112;219;168mP[0m[38;2;112;219;168mP[0m[38;2;112;219;168mP[0m[38;2;28;27;31m:[0m[38;2;28;27;31m:[0m[38;2;28;27;31m:[0m[38;2;28;27;31m:[0m[38;2;28;27;31m:[0m[38;2;28;27;31m:[0m[38;2;28;27;31m:[0m[38;2;28;27;31m:[0m[38;2;28;27;31m:[0m[38;2;211;196;247mG[0m[38;2;211;196;247mG[0m[38;2;211;196;247mG[0m[38;2;99;99;99m![0m[38;2;125;206;167mP[0m[38;2;125;206;167mP[0m[38;2;125;206;167mP[0m[38;2;28;27;31m:[0m[38;2;81;81;82m![0m[38;2;211;196;247mG[0m[38;2;211;196;247mG[0m[38;2;211;196;247mG[0m[38;2;125;206;167mP[0m[38;2;125;206;167mP[0m[38;2;125;206;167mP[0m[38;2;28;27;31m:[0m[38;2;28;27;31m:[0m[38;2;211;196;247mG[0m[38;2;211;196;247mG[0m[38;2;211;196;247mG[0m[38;2;125;206;167mP[0m[38;2;125;206;167mP[0m[38;2;125;206;167mP[0m[38;2;81;81;82m![0m[38;2;28;27;31m:[0m[38;2;28;27;31m:[0m[38;2;28;27;31m:[0m[38;2;28;27;31m:[0m[38;2;105;125;115m?[0m[38;2;125;206;167mP[0m[38;2;125;206;167mP[0m[38;2;125;206;167mP[0m[38;2;28;27;31m:[0m
      [38;2;28;27;31m:[0m[38;2;28;27;31m:[0m[38;2;28;27;31m:[0m[38;2;28;27;31m:[0m[38;2;28;27;31m:[0m[38;2;28;27;31m:[0m[38;2;28;27;31m:[0m[38;2;28;27;31m:[0m[38;2;28;27;31m:[0m[38;2;28;27;31m:[0m[38;2;28;27;31m:[0m[38;2;28;27;31m:[0m[38;2;28;27;31m:[0m[38;2;28;27;31m:[0m[38;2;112;219;168mP[0m[38;2;112;219;168mP[0m[38;2;112;219;168mP[0m[38;2;112;219;168mP[0m[38;2;112;219;168mP[0m[38;2;112;219;168mP[0m[38;2;28;27;31m:[0m[38;2;28;27;31m:[0m[38;2;28;27;31m:[0m[38;2;28;27;31m:[0m[38;2;28;27;31m:[0m[38;2;28;27;31m:[0m[38;2;208;188;255mG[0m[38;2;208;188;255mG[0m[38;2;208;188;255mG[0m[38;2;208;188;255mG[0m[38;2;208;188;255mG[0m[38;2;208;188;255mG[0m[38;2;28;27;31m:[0m[38;2;28;27;31m:[0m[38;2;28;27;31m:[0m[38;2;28;27;31m:[0m[38;2;28;27;31m:[0m[38;2;28;27;31m:[0m[38;2;28;27;31m:[0m[38;2;28;27;31m:[0m[38;2;28;27;31m:[0m[38;2;28;27;31m:[0m[38;2;28;27;31m:[0m[38;2;28;27;31m:[0m[38;2;28;27;31m:[0m[38;2;28;27;31m:[0m[38;2;28;27;31m:[0m[38;2;28;27;31m:[0m[38;2;28;27;31m:[0m[38;2;28;27;31m:[0m[38;2;28;27;31m:[0m[38;2;28;27;31m:[0m[38;2;28;27;31m:[0m[38;2;28;27;31m:[0m[38;2;28;27;31m:[0m[38;2;28;27;31m:[0m[38;2;28;27;31m:[0m[38;2;28;27;31m:[0m[38;2;28;27;31m:[0m[38;2;99;99;99m![0m[38;2;28;27;31m:[0m[38;2;28;27;31m:[0m[38;2;28;27;31m:[0m[38;2;28;27;31m:[0m[38;2;28;27;31m:[0m[38;2;28;27;31m:[0m[38;2;28;27;31m:[0m[38;2;28;27;31m:[0m[38;2;28;27;31m:[0m[38;2;28;27;31m:[0m[38;2;28;27;31m:[0m[38;2;28;27;31m:[0m[38;2;28;27;31m:[0m[38;2;28;27;31m:[0m
      [38;2;28;27;31m:[0m[38;2;28;27;31m:[0m[38;2;28;27;31m:[0m[38;2;28;27;31m:[0m[38;2;28;27;31m:[0m[38;2;28;27;31m:[0m[38;2;28;27;31m:[0m[38;2;28;27;31m:[0m[38;2;28;27;31m:[0m[38;2;28;27;31m:[0m[38;2;28;27;31m:[0m[38;2;28;27;31m:[0m[38;2;28;27;31m:[0m[38;2;28;27;31m:[0m[38;2;28;27;31m:[0m[38;2;28;27;31m:[0m[38;2;28;27;31m:[0m[38;2;28;27;31m:[0m[38;2;28;27;31m:[0m[38;2;208;188;255mG[0m[38;2;208;188;255mG[0m[38;2;208;188;255mG[0m[38;2;208;188;255mG[0m[38;2;208;188;255mG[0m[38;2;208;188;255mG[0m[38;2;47;44;55m:[0m[38;2;28;27;31m:[0m[38;2;28;27;31m:[0m[38;2;28;27;31m:[0m[38;2;28;27;31m:[0m[38;2;28;27;31m:[0m[38;2;28;27;31m:[0m[38;2;28;27;31m:[0m[38;2;28;27;31m:[0m[38;2;28;27;31m:[0m[38;2;28;27;31m:[0m[38;2;28;27;31m:[0m[38;2;28;27;31m:[0m[38;2;28;27;31m:[0m[38;2;28;27;31m:[0m[38;2;28;27;31m:[0m[38;2;28;27;31m:[0m[38;2;28;27;31m:[0m[38;2;28;27;31m:[0m[38;2;28;27;31m:[0m[38;2;28;27;31m:[0m[38;2;28;27;31m:[0m[38;2;28;27;31m:[0m[38;2;28;27;31m:[0m[38;2;28;27;31m:[0m[38;2;28;27;31m:[0m[38;2;28;27;31m:[0m[38;2;28;27;31m:[0m[38;2;28;27;31m:[0m[38;2;28;27;31m:[0m[38;2;28;27;31m:[0m[38;2;28;27;31m:[0m[38;2;28;27;31m:[0m[38;2;28;27;31m:[0m[38;2;99;99;99m![0m[38;2;28;27;31m:[0m[38;2;28;27;31m:[0m[38;2;28;27;31m:[0m[38;2;28;27;31m:[0m[38;2;28;27;31m:[0m[38;2;28;27;31m:[0m[38;2;28;27;31m:[0m[38;2;28;27;31m:[0m[38;2;28;27;31m:[0m[38;2;28;27;31m:[0m[38;2;28;27;31m:[0m[38;2;28;27;31m:[0m[38;2;28;27;31m:[0m[38;2;28;27;31m:[0m
      [38;2;28;27;31m:[0m[38;2;28;27;31m:[0m[38;2;28;27;31m:[0m[38;2;28;27;31m:[0m[38;2;28;27;31m:[0m[38;2;28;27;31m:[0m[38;2;28;27;31m:[0m[38;2;28;27;31m:[0m[38;2;28;27;31m:[0m[38;2;28;27;31m:[0m[38;2;28;27;31m:[0m[38;2;28;27;31m:[0m[38;2;28;27;31m:[0m[38;2;28;27;31m:[0m[38;2;28;27;31m:[0m[38;2;28;27;31m:[0m[38;2;28;27;31m:[0m[38;2;28;27;31m:[0m[38;2;28;27;31m:[0m[38;2;28;27;31m:[0m[38;2;28;27;31m:[0m[38;2;28;27;31m:[0m[38;2;28;27;31m:[0m[38;2;28;27;31m:[0m[38;2;28;27;31m:[0m[38;2;28;27;31m:[0m[38;2;28;27;31m:[0m[38;2;28;27;31m:[0m[38;2;28;27;31m:[0m[38;2;28;27;31m:[0m[38;2;28;27;31m:[0m[38;2;28;27;31m:[0m[38;2;28;27;31m:[0m[38;2;28;27;31m:[0m[38;2;28;27;31m:[0m[38;2;28;27;31m:[0m[38;2;28;27;31m:[0m[38;2;28;27;31m:[0m[38;2;28;27;31m:[0m[38;2;28;27;31m:[0m[38;2;28;27;31m:[0m[38;2;28;27;31m:[0m[38;2;28;27;31m:[0m[38;2;28;27;31m:[0m[38;2;28;27;31m:[0m[38;2;28;27;31m:[0m[38;2;28;27;31m:[0m[38;2;28;27;31m:[0m[38;2;28;27;31m:[0m[38;2;28;27;31m:[0m[38;2;28;27;31m:[0m[38;2;28;27;31m:[0m[38;2;28;27;31m:[0m[38;2;28;27;31m:[0m[38;2;28;27;31m:[0m[38;2;28;27;31m:[0m[38;2;28;27;31m:[0m[38;2;28;27;31m:[0m[38;2;28;27;31m:[0m[38;2;28;27;31m:[0m[38;2;28;27;31m:[0m[38;2;28;27;31m:[0m[38;2;28;27;31m:[0m[38;2;28;27;31m:[0m[38;2;28;27;31m:[0m[38;2;28;27;31m:[0m[38;2;28;27;31m:[0m[38;2;28;27;31m:[0m[38;2;28;27;31m:[0m[38;2;28;27;31m:[0m[38;2;28;27;31m:[0m[38;2;28;27;31m:[0m[38;2;28;27;31m:[0m[38;2;28;27;31m:[0m
