     â•­â”€â”€â”€â”€â”€â”€â”€â”€â”€â”€â”€â”€â”€â”€â”€â”€â”€â”€â”€â”€â”€â”€â”€â”€â”€â”€â”€â”€â”€â”€â”€â”€â”€â”€â”€â”€â”€â”€â”€â”€â”€â”€â”€â”€â”€â”€â”€â”€â”€â”€â”€â”€â”€â”€â”€â”€â”€â”€â”€â”€â”€â”€â”€â”€â”€â”€â”€â”€â”€â”€â”€â”€â”€â•®
[38;5;247m[1]:[0m â”‚                                                                         â”‚
     â•°â”€â”€â”€â”€â”€â”€â”€â”€â”€â”€â”€â”€â”€â”€â”€â”€â”€â”€â”€â”€â”€â”€â”€â”€â”€â”€â”€â”€â”€â”€â”€â”€â”€â”€â”€â”€â”€â”€â”€â”€â”€â”€â”€â”€â”€â”€â”€â”€â”€â”€â”€â”€â”€â”€â”€â”€â”€â”€â”€â”€â”€â”€â”€â”€â”€â”€â”€â”€â”€â”€â”€â”€â”€â•¯
                                                                                
[38;5;247m[1]:[0m  <AxesSubplot:>                                                            
                                                                                
      ]8;id=0;file://mock/path/to/file0.png\[94mðŸ–¼ Click to view Image[0m]8;;\                                                     
                                                                                
              [38;2;214;214;218mâ–„â–„â–„â–„â–„â–„â–„â–„[0m[38;2;207;208;211mâ–„[0m[38;2;212;213;216mâ–„[0m[38;2;214;214;218mâ–„â–„â–„â–„â–„â–„â–„â–„â–„â–„[0m[38;2;207;208;211mâ–„[0m[38;2;214;214;218mâ–„â–„â–„â–„â–„â–„â–„â–„â–„â–„â–„[0m[38;2;208;209;212mâ–„[0m[38;2;214;214;218mâ–„â–„â–„â–„â–„â–„â–„â–„â–„â–„â–„[0m[38;2;208;209;212mâ–„[0m[38;2;214;214;218mâ–„â–„â–„â–„â–„â–„â–„â–„â–„â–„[0m[38;2;212;213;216mâ–„[0m[38;2;208;209;212mâ–„[0m[38;2;214;214;218mâ–„â–„â–„â–„â–„â–„â–„[0m[38;2;180;181;188mâ–„[0m 
        [38;2;60;62;76;48;2;62;64;78mâ–€[0m[38;2;61;63;77mâ–„[0m[38;2;63;66;79mâ–„[0m   [38;2;254;254;254;48;2;248;248;248mâ–€â–€â–€â–€â–€â–€â–€â–€[0m[38;2;247;247;247;48;2;242;242;242mâ–€[0m[38;2;253;253;253;48;2;247;247;247mâ–€[0m[38;2;254;254;254;48;2;248;248;248mâ–€â–€â–€â–€â–€â–€â–€â–€â–€â–€[0m[38;2;246;246;246;48;2;242;242;242mâ–€[0m[38;2;254;254;254;48;2;248;248;248mâ–€â–€â–€â–€â–€â–€â–€â–€â–€â–€â–€[0m[38;2;247;247;247;48;2;242;242;242mâ–€[0m[38;2;254;254;254;48;2;248;248;248mâ–€â–€â–€â–€â–€â–€â–€â–€â–€â–€â–€[0m[38;2;247;247;247;48;2;242;242;242mâ–€[0m[38;2;254;254;254;48;2;248;248;248mâ–€â–€â–€â–€â–€â–€â–€â–€â–€â–€[0m[38;2;253;253;253;48;2;247;247;247mâ–€[0m[38;2;248;248;248;48;2;243;243;243mâ–€[0m[38;2;254;254;254;48;2;248;248;248mâ–€â–€â–€â–€â–€â–€â–€[0m[38;2;212;213;216;48;2;207;208;211mâ–€[0m 
        [38;2;60;62;76mâ–€[0m     [48;2;255;255;255m        [0m[48;2;248;248;248m [0m[48;2;254;254;254m [0m[48;2;255;255;255m          [0m[48;2;247;247;247m [0m[48;2;255;255;255m           [0m[48;2;248;248;248m [0m[48;2;255;255;255m           [0m[48;2;248;248;248m [0m[48;2;255;255;255m         [0m[38;2;248;244;254;48;2;255;255;255mâ–€[0m[38;2;177;128;246;48;2;254;254;254mâ–€[0m[38;2;174;124;243;48;2;249;249;249mâ–€[0m[38;2;177;127;246;48;2;255;255;255mâ–€â–€[0m[38;2;186;143;247;48;2;255;255;255mâ–€[0m[38;2;186;143;247;48;2;255;255;255m [0m[38;2;238;238;238;48;2;245;245;245mâ–€[0m[38;2;210;210;210;48;2;234;234;234mâ–€[0m[38;2;210;210;210;48;2;255;255;255m [0m[38;2;210;210;210;48;2;214;214;218m [0m 
              [48;2;255;255;255m        [0m[48;2;248;248;248m [0m[48;2;254;254;254m [0m[48;2;255;255;255m          [0m[48;2;247;247;247m [0m[48;2;255;255;255m           [0m[48;2;248;248;248m [0m[48;2;255;255;255m           [0m[48;2;248;248;248m [0m[48;2;255;255;255m          [0m[48;2;254;254;254m [0m[48;2;249;249;249m [0m[48;2;255;255;255m    [0m[38;2;255;255;255;48;2;231;231;231mâ–€[0m[38;2;255;255;255;48;2;243;243;243mâ–€[0m[38;2;255;255;255;48;2;255;255;255m [0m[38;2;255;255;255;48;2;214;214;218m [0m 
              [48;2;255;255;255m        [0m[48;2;248;248;248m [0m[48;2;254;254;254m [0m[48;2;255;255;255m          [0m[48;2;247;247;247m [0m[48;2;255;255;255m           [0m[48;2;248;248;248m [0m[48;2;255;255;255m           [0m[48;2;248;248;248m [0m[48;2;255;255;255m         [0m[38;2;246;252;252;48;2;255;255;255mâ–€[0m[38;2;149;216;220;48;2;254;254;254mâ–€[0m[38;2;145;213;217;48;2;249;249;249mâ–€[0m[38;2;149;216;220;48;2;255;255;255mâ–€â–€[0m[38;2;162;221;225;48;2;255;255;255mâ–€[0m[38;2;162;221;225;48;2;255;255;255m [0m[38;2;225;225;225;48;2;255;255;255mâ–€[0m[38;2;220;220;220;48;2;255;255;255mâ–€[0m[38;2;220;220;220;48;2;255;255;255m [0m[38;2;220;220;220;48;2;214;214;218m [0m 
        [38;2;63;65;79;48;2;64;66;79mâ–€[0m[38;2;62;64;78;48;2;68;70;82mâ–€[0m[38;2;59;62;76;48;2;62;64;78mâ–€[0m   [38;2;248;248;248;48;2;254;254;254mâ–€â–€â–€â–€â–€â–€â–€â–€[0m[38;2;242;242;242;48;2;247;247;247mâ–€[0m[38;2;247;247;247;48;2;253;253;253mâ–€[0m[38;2;248;248;248;48;2;254;254;254mâ–€â–€â–€â–€â–€â–€â–€â–€â–€â–€[0m[38;2;242;242;242;48;2;246;246;246mâ–€[0m[38;2;248;248;248;48;2;254;254;254mâ–€â–€â–€â–€â–€â–€â–€â–€â–€â–€â–€[0m[38;2;242;242;242;48;2;247;247;247mâ–€[0m[38;2;248;248;248;48;2;254;254;254mâ–€â–€â–€â–€â–€â–€â–€â–€â–€â–€â–€[0m[38;2;242;242;242;48;2;247;247;247mâ–€[0m[38;2;248;248;248;48;2;254;254;254mâ–€â–€â–€â–€â–€â–€â–€â–€â–€â–€[0m[38;2;247;247;247;48;2;253;253;253mâ–€[0m[38;2;243;243;243;48;2;248;248;248mâ–€[0m[38;2;248;248;248;48;2;254;254;254mâ–€â–€â–€â–€â–€â–€â–€[0m[38;2;207;208;211;48;2;212;213;216mâ–€[0m 
              [48;2;255;255;255m        [0m[48;2;248;248;248m [0m[48;2;254;254;254m [0m[48;2;255;255;255m          [0m[48;2;247;247;247m [0m[48;2;255;255;255m           [0m[48;2;248;248;248m [0m[48;2;255;255;255m           [0m[48;2;248;248;248m [0m[48;2;255;255;255m          [0m[48;2;254;254;254m [0m[48;2;249;249;249m [0m[48;2;255;255;255m       [0m[48;2;214;214;218m [0m 
              [48;2;255;255;255m        [0m[48;2;248;248;248m [0m[48;2;254;254;254m [0m[48;2;255;255;255m          [0m[48;2;247;247;247m [0m[48;2;255;255;255m           [0m[48;2;248;248;248m [0m[48;2;255;255;255m           [0m[48;2;248;248;248m [0m[48;2;255;255;255m          [0m[48;2;254;254;254m [0m[48;2;249;249;249m [0m[48;2;255;255;255m       [0m[48;2;214;214;218m [0m 
              [48;2;255;255;255m        [0m[48;2;248;248;248m [0m[48;2;254;254;254m [0m[48;2;255;255;255m          [0m[48;2;247;247;247m [0m[48;2;255;255;255m           [0m[48;2;248;248;248m [0m[48;2;255;255;255m           [0m[48;2;248;248;248m [0m[48;2;255;255;255m          [0m[48;2;254;254;254m [0m[48;2;249;249;249m [0m[48;2;255;255;255m       [0m[48;2;214;214;218m [0m 
        [38;2;64;67;79mâ–€[0m[38;2;66;68;81mâ–€[0m    [38;2;247;247;247;48;2;255;255;255mâ–€â–€â–€â–€â–€â–€â–€â–€[0m[38;2;242;242;242;48;2;248;248;248mâ–€[0m[38;2;246;246;246;48;2;254;254;254mâ–€[0m[38;2;247;247;247;48;2;255;255;255mâ–€â–€â–€â–€â–€â–€â–€â–€â–€â–€[0m[38;2;241;241;241;48;2;247;247;247mâ–€[0m[38;2;247;247;247;48;2;255;255;255mâ–€â–€â–€â–€â–€â–€â–€â–€â–€â–€â–€[0m[38;2;242;242;242;48;2;248;248;248mâ–€[0m[38;2;247;247;247;48;2;255;255;255mâ–€â–€â–€â–€â–€â–€â–€â–€â–€â–€â–€[0m[38;2;242;242;242;48;2;248;248;248mâ–€[0m[38;2;247;247;247;48;2;255;255;255mâ–€â–€â–€â–€â–€â–€â–€â–€â–€â–€[0m[38;2;246;246;246;48;2;254;254;254mâ–€[0m[38;2;242;242;242;48;2;249;249;249mâ–€[0m[38;2;247;247;247;48;2;255;255;255mâ–€â–€â–€â–€â–€â–€â–€[0m[38;2;206;207;210;48;2;214;214;218mâ–€[0m 
              [48;2;255;255;255m        [0m[48;2;248;248;248m [0m[48;2;254;254;254m [0m[48;2;255;255;255m          [0m[48;2;247;247;247m [0m[48;2;255;255;255m           [0m[48;2;248;248;248m [0m[48;2;255;255;255m           [0m[48;2;248;248;248m [0m[48;2;255;255;255m          [0m[48;2;254;254;254m [0m[48;2;249;249;249m [0m[48;2;255;255;255m       [0m[48;2;214;214;218m [0m 
              [48;2;255;255;255m        [0m[48;2;248;248;248m [0m[48;2;254;254;254m [0m[48;2;255;255;255m          [0m[48;2;247;247;247m [0m[48;2;255;255;255m           [0m[48;2;248;248;248m [0m[48;2;255;255;255m           [0m[48;2;248;248;248m [0m[48;2;255;255;255m          [0m[48;2;254;254;254m [0m[48;2;249;249;249m [0m[48;2;255;255;255m       [0m[48;2;214;214;218m [0m 
        [38;2;60;62;76mâ–„[0m     [38;2;255;255;255;48;2;254;254;254mâ–€â–€â–€â–€â–€â–€â–€â–€[0m[38;2;248;248;248;48;2;247;247;247mâ–€[0m[38;2;254;254;254;48;2;253;253;253mâ–€[0m[38;2;255;255;255;48;2;254;254;254mâ–€â–€â–€â–€â–€â–€â–€â–€â–€â–€[0m[38;2;247;247;247;48;2;246;246;246mâ–€[0m[38;2;255;255;255;48;2;254;254;254mâ–€â–€â–€â–€â–€â–€â–€â–€â–€â–€â–€[0m[38;2;248;248;248;48;2;247;247;247mâ–€[0m[38;2;255;255;255;48;2;254;254;254mâ–€â–€â–€â–€â–€â–€â–€â–€â–€â–€â–€[0m[38;2;248;248;248;48;2;247;247;247mâ–€[0m[38;2;255;255;255;48;2;254;254;254mâ–€â–€â–€â–€â–€â–€â–€â–€â–€â–€[0m[38;2;254;254;254;48;2;253;253;253mâ–€[0m[38;2;249;249;249;48;2;248;248;248mâ–€[0m[38;2;255;255;255;48;2;254;254;254mâ–€â–€â–€â–€â–€â–€â–€[0m[38;2;214;214;218;48;2;212;213;216mâ–€[0m 
        [38;2;62;65;78mâ–€[0m[38;2;64;66;79mâ–€[0m[38;2;65;68;80mâ–€[0m   [38;2;248;248;248;48;2;255;255;255mâ–€â–€â–€â–€â–€â–€â–€â–€[0m[38;2;242;242;242;48;2;248;248;248mâ–€[0m[38;2;247;247;247;48;2;254;254;254mâ–€[0m[38;2;248;248;248;48;2;255;255;255mâ–€â–€â–€â–€â–€â–€â–€â–€â–€â–€[0m[38;2;242;242;242;48;2;247;247;247mâ–€[0m[38;2;248;248;248;48;2;255;255;255mâ–€â–€â–€â–€â–€â–€â–€â–€â–€â–€â–€[0m[38;2;242;242;242;48;2;248;248;248mâ–€[0m[38;2;248;248;248;48;2;255;255;255mâ–€â–€â–€â–€â–€â–€â–€â–€â–€â–€â–€[0m[38;2;242;242;242;48;2;248;248;248mâ–€[0m[38;2;248;248;248;48;2;255;255;255mâ–€â–€â–€â–€â–€â–€â–€â–€â–€â–€[0m[38;2;247;247;247;48;2;254;254;254mâ–€[0m[38;2;243;243;243;48;2;249;249;249mâ–€[0m[38;2;248;248;248;48;2;255;255;255mâ–€â–€â–€â–€â–€â–€â–€[0m[38;2;207;208;211;48;2;214;214;218mâ–€[0m 
              [48;2;255;255;255m        [0m[48;2;248;248;248m [0m[48;2;254;254;254m [0m[48;2;255;255;255m          [0m[48;2;247;247;247m [0m[48;2;255;255;255m           [0m[48;2;248;248;248m [0m[48;2;255;255;255m           [0m[48;2;248;248;248m [0m[48;2;255;255;255m          [0m[48;2;254;254;254m [0m[48;2;249;249;249m [0m[48;2;255;255;255m       [0m[48;2;214;214;218m [0m 
              [48;2;255;255;255m        [0m[48;2;248;248;248m [0m[48;2;254;254;254m [0m[48;2;255;255;255m          [0m[48;2;247;247;247m [0m[48;2;255;255;255m           [0m[48;2;248;248;248m [0m[48;2;255;255;255m           [0m[48;2;248;248;248m [0m[48;2;255;255;255m          [0m[48;2;254;254;254m [0m[48;2;249;249;249m [0m[48;2;255;255;255m       [0m[48;2;214;214;218m [0m 
        [38;2;66;68;80mâ–„[0m[38;2;59;62;76mâ–„[0m[38;2;62;65;78mâ–„[0m   [38;2;255;255;255;48;2;247;247;247mâ–€â–€â–€â–€â–€â–€â–€â–€[0m[38;2;248;248;248;48;2;242;242;242mâ–€[0m[38;2;254;254;254;48;2;246;246;246mâ–€[0m[38;2;255;255;255;48;2;247;247;247mâ–€â–€â–€â–€â–€â–€â–€â–€â–€â–€[0m[38;2;247;247;247;48;2;241;241;241mâ–€[0m[38;2;255;255;255;48;2;247;247;247mâ–€â–€â–€â–€â–€â–€â–€â–€â–€â–€â–€[0m[38;2;248;248;248;48;2;242;242;242mâ–€[0m[38;2;255;255;255;48;2;247;247;247mâ–€â–€â–€â–€â–€â–€â–€â–€â–€â–€â–€[0m[38;2;248;248;248;48;2;242;242;242mâ–€[0m[38;2;255;255;255;48;2;247;247;247mâ–€â–€â–€â–€â–€â–€â–€â–€â–€â–€[0m[38;2;254;254;254;48;2;246;246;246mâ–€[0m[38;2;249;249;249;48;2;242;242;242mâ–€[0m[38;2;255;255;255;48;2;247;247;247mâ–€â–€â–€â–€â–€â–€â–€[0m[38;2;214;214;218;48;2;206;207;210mâ–€[0m 
        [38;2;61;64;77mâ–€[0m[38;2;65;67;80mâ–€[0m    [48;2;255;255;255m        [0m[48;2;248;248;248m [0m[48;2;254;254;254m [0m[48;2;255;255;255m          [0m[48;2;247;247;247m [0m[48;2;255;255;255m           [0m[48;2;248;248;248m [0m[48;2;255;255;255m           [0m[48;2;248;248;248m [0m[48;2;255;255;255m          [0m[48;2;254;254;254m [0m[48;2;249;249;249m [0m[48;2;255;255;255m       [0m[48;2;214;214;218m [0m 
              [48;2;255;255;255m        [0m[48;2;248;248;248m [0m[48;2;254;254;254m [0m[48;2;255;255;255m          [0m[48;2;247;247;247m [0m[48;2;255;255;255m           [0m[48;2;248;248;248m [0m[48;2;255;255;255m           [0m[48;2;248;248;248m [0m[48;2;255;255;255m          [0m[48;2;254;254;254m [0m[48;2;249;249;249m [0m[48;2;255;255;255m       [0m[48;2;214;214;218m [0m 
              [48;2;255;255;255m        [0m[48;2;248;248;248m [0m[48;2;254;254;254m [0m[48;2;255;255;255m          [0m[48;2;247;247;247m [0m[48;2;255;255;255m           [0m[48;2;248;248;248m [0m[48;2;255;255;255m           [0m[48;2;248;248;248m [0m[48;2;255;255;255m          [0m[48;2;254;254;254m [0m[48;2;249;249;249m [0m[48;2;255;255;255m       [0m[48;2;214;214;218m [0m 
        [38;2;65;67;80mâ–„[0m[38;2;61;64;77mâ–„[0m[38;2;63;66;79mâ–„[0m   [38;2;255;255;255;48;2;248;248;248mâ–€â–€â–€â–€â–€â–€â–€â–€[0m[38;2;248;248;248;48;2;243;243;243mâ–€[0m[38;2;254;254;254;48;2;247;247;247mâ–€[0m[38;2;255;255;255;48;2;248;248;248mâ–€â–€â–€â–€â–€â–€â–€â–€â–€â–€[0m[38;2;247;247;247;48;2;242;242;242mâ–€[0m[38;2;255;255;255;48;2;248;248;248mâ–€â–€â–€â–€â–€â–€â–€â–€â–€â–€â–€[0m[38;2;248;248;248;48;2;243;243;243mâ–€[0m[38;2;255;255;255;48;2;248;248;248mâ–€â–€â–€â–€â–€â–€â–€â–€â–€â–€â–€[0m[38;2;248;248;248;48;2;243;243;243mâ–€[0m[38;2;255;255;255;48;2;248;248;248mâ–€â–€â–€â–€â–€â–€â–€â–€â–€â–€[0m[38;2;254;254;254;48;2;247;247;247mâ–€[0m[38;2;249;249;249;48;2;244;244;244mâ–€[0m[38;2;255;255;255;48;2;248;248;248mâ–€â–€â–€â–€â–€â–€â–€[0m[38;2;214;214;218;48;2;208;209;212mâ–€[0m 
              [38;2;255;255;255;48;2;101;103;112mâ–€â–€â–€â–€â–€â–€â–€â–€[0m[38;2;248;248;248;48;2;99;101;110mâ–€[0m[38;2;254;254;254;48;2;100;102;112mâ–€[0m[38;2;255;255;255;48;2;101;103;112mâ–€â–€â–€â–€â–€â–€â–€â–€â–€â–€[0m[38;2;247;247;247;48;2;99;101;110mâ–€[0m[38;2;255;255;255;48;2;101;103;112mâ–€â–€â–€â–€â–€â–€â–€â–€â–€â–€â–€[0m[38;2;248;248;248;48;2;99;101;110mâ–€[0m[38;2;255;255;255;48;2;101;103;112mâ–€â–€â–€â–€â–€â–€â–€â–€â–€â–€â–€[0m[38;2;248;248;248;48;2;99;101;110mâ–€[0m[38;2;255;255;255;48;2;101;103;112mâ–€â–€â–€â–€â–€â–€â–€â–€â–€â–€[0m[38;2;254;254;254;48;2;100;102;112mâ–€[0m[38;2;249;249;249;48;2;100;102;112mâ–€[0m[38;2;255;255;255;48;2;101;103;112mâ–€â–€â–€â–€â–€â–€â–€[0m[38;2;214;214;218;48;2;94;96;106mâ–€[0m 
                                                                                
                     [38;2;59;62;76;48;2;66;68;81mâ–€[0m [38;2;61;63;77;48;2;68;70;82mâ–€[0m[38;2;74;76;86mâ–„[0m[38;2;67;69;81mâ–„[0m       [38;2;61;63;77;48;2;73;75;86mâ–€[0m [38;2;62;64;78;48;2;73;75;86mâ–€[0m[38;2;58;61;75;48;2;59;61;75mâ–€[0m       [38;2;63;66;79mâ–„[0m[38;2;63;66;79mâ–„[0m[38;2;61;63;77;48;2;73;75;86mâ–€[0m[38;2;63;66;79mâ–„[0m[38;2;62;65;78mâ–„[0m       [38;2;61;64;77;48;2;66;68;81mâ–€[0m[38;2;64;66;79mâ–„[0m[38;2;59;62;76;48;2;71;73;84mâ–€[0m[38;2;62;64;78;48;2;64;66;79mâ–€[0m        [38;2;63;65;79;48;2;75;77;87mâ–€[0m[38;2;63;65;79mâ–„[0m[38;2;65;67;80mâ–„[0m[38;2;80;82;91mâ–„[0m        
                                                           [38;2;61;63;77mâ–€[0m                    
